Component: Arm Compiler for Embedded 6.19 Tool: armlink [5e73cb00]

==============================================================================

Section Cross References

    main.o(.ARM.exidx.text.vApplicationIdleHook) refers to main.o(.text.vApplicationIdleHook) for [Anonymous Symbol]
    main.o(.ARM.exidx.text.Timer0A) refers to main.o(.text.Timer0A) for [Anonymous Symbol]
    main.o(.text.TIMER0A_Handler) refers to main.o(.bss.Timer_Ticks) for Timer_Ticks
    main.o(.ARM.exidx.text.TIMER0A_Handler) refers to main.o(.text.TIMER0A_Handler) for [Anonymous Symbol]
    main.o(.text.Controller) refers to main.o(.bss.control) for control
    main.o(.text.Controller) refers to main.o(.bss.xDriverUp) for xDriverUp
    main.o(.text.Controller) refers to queue.o(.text.xQueueGenericSend) for xQueueGenericSend
    main.o(.text.Controller) refers to main.o(.bss.xDriverDown) for xDriverDown
    main.o(.text.Controller) refers to main.o(.bss.xPassengerUp) for xPassengerUp
    main.o(.text.Controller) refers to main.o(.bss.xPassengerDown) for xPassengerDown
    main.o(.text.Controller) refers to main.o(.bss.xPassengerUpAuto) for xPassengerUpAuto
    main.o(.text.Controller) refers to main.o(.bss.xPassengerDownAuto) for xPassengerDownAuto
    main.o(.text.Controller) refers to main.o(.bss.xJamming) for xJamming
    main.o(.text.Controller) refers to gpio.o(i.GPIOPinWrite) for GPIOPinWrite
    main.o(.ARM.exidx.text.Controller) refers to main.o(.text.Controller) for [Anonymous Symbol]
    main.o(.text.DriverUp) refers to main.o(.bss.xDriverUp) for xDriverUp
    main.o(.text.DriverUp) refers to queue.o(.text.xQueueSemaphoreTake) for xQueueSemaphoreTake
    main.o(.text.DriverUp) refers to main.o(.bss.motorUp) for motorUp
    main.o(.text.DriverUp) refers to main.o(.bss.LSUP) for LSUP
    main.o(.text.DriverUp) refers to main.o(.bss.manualUp) for manualUp
    main.o(.text.DriverUp) refers to gpio.o(i.GPIOPinWrite) for GPIOPinWrite
    main.o(.text.DriverUp) refers to main.o(.bss.control) for control
    main.o(.ARM.exidx.text.DriverUp) refers to main.o(.text.DriverUp) for [Anonymous Symbol]
    main.o(.text.DriverDown) refers to main.o(.bss.xDriverDown) for xDriverDown
    main.o(.text.DriverDown) refers to queue.o(.text.xQueueSemaphoreTake) for xQueueSemaphoreTake
    main.o(.text.DriverDown) refers to main.o(.bss.motorUp) for motorUp
    main.o(.text.DriverDown) refers to main.o(.bss.LSDN) for LSDN
    main.o(.text.DriverDown) refers to main.o(.bss.manualDown) for manualDown
    main.o(.text.DriverDown) refers to gpio.o(i.GPIOPinWrite) for GPIOPinWrite
    main.o(.text.DriverDown) refers to main.o(.bss.control) for control
    main.o(.ARM.exidx.text.DriverDown) refers to main.o(.text.DriverDown) for [Anonymous Symbol]
    main.o(.text.PassengerUp) refers to main.o(.bss.xPassengerUp) for xPassengerUp
    main.o(.text.PassengerUp) refers to queue.o(.text.xQueueSemaphoreTake) for xQueueSemaphoreTake
    main.o(.text.PassengerUp) refers to main.o(.bss.motorUp) for motorUp
    main.o(.text.PassengerUp) refers to main.o(.bss.LSUP) for LSUP
    main.o(.text.PassengerUp) refers to gpio.o(i.GPIOPinWrite) for GPIOPinWrite
    main.o(.text.PassengerUp) refers to main.o(.bss.control) for control
    main.o(.ARM.exidx.text.PassengerUp) refers to main.o(.text.PassengerUp) for [Anonymous Symbol]
    main.o(.text.PassengerDown) refers to main.o(.bss.xPassengerDown) for xPassengerDown
    main.o(.text.PassengerDown) refers to queue.o(.text.xQueueSemaphoreTake) for xQueueSemaphoreTake
    main.o(.text.PassengerDown) refers to main.o(.bss.motorUp) for motorUp
    main.o(.text.PassengerDown) refers to main.o(.bss.LSDN) for LSDN
    main.o(.text.PassengerDown) refers to gpio.o(i.GPIOPinWrite) for GPIOPinWrite
    main.o(.text.PassengerDown) refers to main.o(.bss.control) for control
    main.o(.ARM.exidx.text.PassengerDown) refers to main.o(.text.PassengerDown) for [Anonymous Symbol]
    main.o(.text.PassengerUpAuto) refers to main.o(.bss.xPassengerUpAuto) for xPassengerUpAuto
    main.o(.text.PassengerUpAuto) refers to queue.o(.text.xQueueSemaphoreTake) for xQueueSemaphoreTake
    main.o(.text.PassengerUpAuto) refers to main.o(.bss.motorUp) for motorUp
    main.o(.text.PassengerUpAuto) refers to main.o(.bss.LSUP) for LSUP
    main.o(.text.PassengerUpAuto) refers to gpio.o(i.GPIOPinWrite) for GPIOPinWrite
    main.o(.text.PassengerUpAuto) refers to main.o(.bss.control) for control
    main.o(.ARM.exidx.text.PassengerUpAuto) refers to main.o(.text.PassengerUpAuto) for [Anonymous Symbol]
    main.o(.text.PassengerDownAuto) refers to main.o(.bss.xPassengerDownAuto) for xPassengerDownAuto
    main.o(.text.PassengerDownAuto) refers to queue.o(.text.xQueueSemaphoreTake) for xQueueSemaphoreTake
    main.o(.text.PassengerDownAuto) refers to main.o(.bss.motorUp) for motorUp
    main.o(.text.PassengerDownAuto) refers to main.o(.bss.LSDN) for LSDN
    main.o(.text.PassengerDownAuto) refers to gpio.o(i.GPIOPinWrite) for GPIOPinWrite
[...]
    freertos_evr.c                           0x00000000   Number         0  freertos_evr.o ABSOLUTE
    gpio.c                                   0x00000000   Number         0  gpio.o ABSOLUTE
    heap_4.c                                 0x00000000   Number         0  heap_4.o ABSOLUTE
    interrupt.c                              0x00000000   Number         0  interrupt.o ABSOLUTE
    list.c                                   0x00000000   Number         0  list.o ABSOLUTE
    main.c                                   0x00000000   Number         0  main.o ABSOLUTE
    port.c                                   0x00000000   Number         0  port.o ABSOLUTE
    ports_init.c                             0x00000000   Number         0  ports_init.o ABSOLUTE
    queue.c                                  0x00000000   Number         0  queue.o ABSOLUTE
    sysctl.c                                 0x00000000   Number         0  sysctl.o ABSOLUTE
    sysctl.c                                 0x00000000   Number         0  sysctl.o ABSOLUTE
    system_TM4C123.c                         0x00000000   Number         0  system_tm4c123.o ABSOLUTE
    tasks.c                                  0x00000000   Number         0  tasks.o ABSOLUTE
    RESET                                    0x00000000   Section      620  startup_tm4c123.o(RESET)
    !!!main                                  0x0000026c   Section        8  __main.o(!!!main)
    !!!scatter                               0x00000274   Section       52  __scatter.o(!!!scatter)
    !!handler_copy                           0x000002a8   Section       26  __scatter_copy.o(!!handler_copy)
    !!handler_zi                             0x000002c4   Section       28  __scatter_zi.o(!!handler_zi)
    .ARM.Collect$$libinit$$00000000          0x000002e0   Section        2  libinit.o(.ARM.Collect$$libinit$$00000000)
    .ARM.Collect$$libinit$$00000001          0x000002e2   Section        4  libinit2.o(.ARM.Collect$$libinit$$00000001)
    .ARM.Collect$$libinit$$00000004          0x000002e6   Section        0  libinit2.o(.ARM.Collect$$libinit$$00000004)
    .ARM.Collect$$libinit$$00000006          0x000002e6   Section        0  libinit2.o(.ARM.Collect$$libinit$$00000006)
    .ARM.Collect$$libinit$$0000000C          0x000002e6   Section        0  libinit2.o(.ARM.Collect$$libinit$$0000000C)
    .ARM.Collect$$libinit$$0000000E          0x000002e6   Section        0  libinit2.o(.ARM.Collect$$libinit$$0000000E)
    .ARM.Collect$$libinit$$00000010          0x000002e6   Section        0  libinit2.o(.ARM.Collect$$libinit$$00000010)
    .ARM.Collect$$libinit$$00000013          0x000002e6   Section        0  libinit2.o(.ARM.Collect$$libinit$$00000013)
    .ARM.Collect$$libinit$$00000015          0x000002e6   Section        0  libinit2.o(.ARM.Collect$$libinit$$00000015)
    .ARM.Collect$$libinit$$00000017          0x000002e6   Section        0  libinit2.o(.ARM.Collect$$libinit$$00000017)
    .ARM.Collect$$libinit$$00000019          0x000002e6   Section        0  libinit2.o(.ARM.Collect$$libinit$$00000019)
    .ARM.Collect$$libinit$$0000001B          0x000002e6   Section        0  libinit2.o(.ARM.Collect$$libinit$$0000001B)
    .ARM.Collect$$libinit$$0000001D          0x000002e6   Section        0  libinit2.o(.ARM.Collect$$libinit$$0000001D)
    .ARM.Collect$$libinit$$0000001F          0x000002e6   Section        0  libinit2.o(.ARM.Collect$$libinit$$0000001F)
    .ARM.Collect$$libinit$$00000021          0x000002e6   Section        0  libinit2.o(.ARM.Collect$$libinit$$00000021)
    .ARM.Collect$$libinit$$00000023          0x000002e6   Section        0  libinit2.o(.ARM.Collect$$libinit$$00000023)
    .ARM.Collect$$libinit$$00000025          0x000002e6   Section        0  libinit2.o(.ARM.Collect$$libinit$$00000025)
    .ARM.Collect$$libinit$$00000027          0x000002e6   Section        0  libinit2.o(.ARM.Collect$$libinit$$00000027)
    .ARM.Collect$$libinit$$0000002E          0x000002e6   Section        0  libinit2.o(.ARM.Collect$$libinit$$0000002E)
    .ARM.Collect$$libinit$$00000030          0x000002e6   Section        0  libinit2.o(.ARM.Collect$$libinit$$00000030)
    .ARM.Collect$$libinit$$00000032          0x000002e6   Section        0  libinit2.o(.ARM.Collect$$libinit$$00000032)
    .ARM.Collect$$libinit$$00000034          0x000002e6   Section        0  libinit2.o(.ARM.Collect$$libinit$$00000034)
    .ARM.Collect$$libinit$$00000035          0x000002e6   Section        2  libinit2.o(.ARM.Collect$$libinit$$00000035)
    .ARM.Collect$$libshutdown$$00000000      0x000002e8   Section        2  libshutdown.o(.ARM.Collect$$libshutdown$$00000000)
    .ARM.Collect$$libshutdown$$00000002      0x000002ea   Section        0  libshutdown2.o(.ARM.Collect$$libshutdown$$00000002)
    .ARM.Collect$$libshutdown$$00000004      0x000002ea   Section        0  libshutdown2.o(.ARM.Collect$$libshutdown$$00000004)
    .ARM.Collect$$libshutdown$$00000007      0x000002ea   Section        0  libshutdown2.o(.ARM.Collect$$libshutdown$$00000007)
    .ARM.Collect$$libshutdown$$0000000A      0x000002ea   Section        0  libshutdown2.o(.ARM.Collect$$libshutdown$$0000000A)
    .ARM.Collect$$libshutdown$$0000000C      0x000002ea   Section        0  libshutdown2.o(.ARM.Collect$$libshutdown$$0000000C)
    .ARM.Collect$$libshutdown$$0000000F      0x000002ea   Section        0  libshutdown2.o(.ARM.Collect$$libshutdown$$0000000F)
    .ARM.Collect$$libshutdown$$00000010      0x000002ea   Section        2  libshutdown2.o(.ARM.Collect$$libshutdown$$00000010)
    .ARM.Collect$$rtentry$$00000000          0x000002ec   Section        0  __rtentry.o(.ARM.Collect$$rtentry$$00000000)
    .ARM.Collect$$rtentry$$00000002          0x000002ec   Section        0  __rtentry2.o(.ARM.Collect$$rtentry$$00000002)
    .ARM.Collect$$rtentry$$00000004          0x000002ec   Section        6  __rtentry4.o(.ARM.Collect$$rtentry$$00000004)
    .ARM.Collect$$rtentry$$00000009          0x000002f2   Section        0  __rtentry2.o(.ARM.Collect$$rtentry$$00000009)
    .ARM.Collect$$rtentry$$0000000A          0x000002f2   Section        4  __rtentry2.o(.ARM.Collect$$rtentry$$0000000A)
    .ARM.Collect$$rtentry$$0000000C          0x000002f6   Section        0  __rtentry2.o(.ARM.Collect$$rtentry$$0000000C)
    .ARM.Collect$$rtentry$$0000000D          0x000002f6   Section        8  __rtentry2.o(.ARM.Collect$$rtentry$$0000000D)
    .ARM.Collect$$rtexit$$00000000           0x000002fe   Section        2  rtexit.o(.ARM.Collect$$rtexit$$00000000)
    .ARM.Collect$$rtexit$$00000002           0x00000300   Section        0  rtexit2.o(.ARM.Collect$$rtexit$$00000002)
    .ARM.Collect$$rtexit$$00000003           0x00000300   Section        4  rtexit2.o(.ARM.Collect$$rtexit$$00000003)
    .ARM.Collect$$rtexit$$00000004           0x00000304   Section        6  rtexit2.o(.ARM.Collect$$rtexit$$00000004)
    $v0                                      0x0000030c   Number         0  startup_tm4c123.o(.text)
    .text                                    0x0000030c   Section      276  startup_tm4c123.o(.text)
    .text                                    0x00000420   Section      138  rt_memcpy_v6.o(.text)
    .text                                    0x000004aa   Section       16  aeabi_memset4.o(.text)
    .text                                    0x000004ba   Section       68  rt_memclr.o(.text)
    .text                                    0x000004fe   Section        0  heapauxi.o(.text)
    .text                                    0x00000504   Section      100  rt_memcpy_w.o(.text)
    .text                                    0x00000568   Section       78  rt_memclr_w.o(.text)
    .text                                    0x000005b6   Section       74  sys_stackheap_outer.o(.text)
    .text                                    0x00000600   Section        0  exit.o(.text)
    .text                                    0x00000614   Section        8  libspace.o(.text)
    .text                                    0x0000061c   Section        0  sys_exit.o(.text)
    .text                                    0x00000628   Section        2  use_no_semi.o(.text)
    .text                                    0x0000062a   Section        0  indicate_semi.o(.text)
    [Anonymous Symbol]                       0x0000062c   Section        0  main.o(.text.Controller)
    [Anonymous Symbol]                       0x0000071c   Section        0  main.o(.text.DriverDown)
    [Anonymous Symbol]                       0x00000870   Section        0  main.o(.text.DriverUp)
    [Anonymous Symbol]                       0x00000a00   Section        0  main.o(.text.GPIOD_Handler)
    [Anonymous Symbol]                       0x00000a94   Section        0  main.o(.text.GPIOE_Handler)
    [Anonymous Symbol]                       0x00000b5c   Section        0  main.o(.text.GPIOF_Handler)
    [Anonymous Symbol]                       0x00000bd8   Section        0  main.o(.text.Jamming)
    [Anonymous Symbol]                       0x00000d24   Section        0  main.o(.text.PassengerDown)
    [Anonymous Symbol]                       0x00000e34   Section        0  main.o(.text.PassengerDownAuto)
    [Anonymous Symbol]                       0x00000f34   Section        0  main.o(.text.PassengerUp)
    [Anonymous Symbol]                       0x0000105c   Section        0  main.o(.text.PassengerUpAuto)
    [Anonymous Symbol]                       0x00001180   Section        0  port.o(.text.PendSV_Handler)
    pxCurrentTCBConst                        0x000011e0   Number         0  port.o(.text.PendSV_Handler)
    [Anonymous Symbol]                       0x000011e4   Section        0  ports_init.o(.text.PortD_Init)
    [Anonymous Symbol]                       0x000012e0   Section        0  ports_init.o(.text.PortE_Init)
    [Anonymous Symbol]                       0x000013d0   Section        0  ports_init.o(.text.PortF_Init)
    [Anonymous Symbol]                       0x00001490   Section        0  port.o(.text.SVC_Handler)
    pxCurrentTCBConst2                       0x000014b0   Number         0  port.o(.text.SVC_Handler)
    [Anonymous Symbol]                       0x000014b4   Section        0  port.o(.text.SysTick_Handler)
    [Anonymous Symbol]                       0x000014f0   Section        0  system_tm4c123.o(.text.SystemInit)
    [Anonymous Symbol]                       0x000015fc   Section        0  main.o(.text.TIMER0A_Handler)
    [Anonymous Symbol]                       0x00001628   Section        0  main.o(.text.Timer0A)
    [Anonymous Symbol]                       0x0000169c   Section        0  tasks.o(.text.eTaskConfirmSleepModeStatus)
    [Anonymous Symbol]                       0x0000171c   Section        0  main.o(.text.main)
    prvAddCurrentTaskToDelayedList           0x00001a55   Thumb Code   290  tasks.o(.text.prvAddCurrentTaskToDelayedList)
    [Anonymous Symbol]                       0x00001a54   Section        0  tasks.o(.text.prvAddCurrentTaskToDelayedList)
    prvAddNewTaskToReadyList                 0x00001b79   Thumb Code   340  tasks.o(.text.prvAddNewTaskToReadyList)
    [Anonymous Symbol]                       0x00001b78   Section        0  tasks.o(.text.prvAddNewTaskToReadyList)
    prvCheckTasksWaitingTermination          0x00001ccd   Thumb Code    90  tasks.o(.text.prvCheckTasksWaitingTermination)
    [Anonymous Symbol]                       0x00001ccc   Section        0  tasks.o(.text.prvCheckTasksWaitingTermination)
    prvCopyDataToQueue                       0x00001d29   Thumb Code   204  queue.o(.text.prvCopyDataToQueue)
    [Anonymous Symbol]                       0x00001d28   Section        0  queue.o(.text.prvCopyDataToQueue)
    prvDeleteTCB                             0x00001df5   Thumb Code    24  tasks.o(.text.prvDeleteTCB)
    [Anonymous Symbol]                       0x00001df4   Section        0  tasks.o(.text.prvDeleteTCB)
    prvGetDisinheritPriorityAfterTimeout     0x00001e0d   Thumb Code    38  queue.o(.text.prvGetDisinheritPriorityAfterTimeout)
    [Anonymous Symbol]                       0x00001e0c   Section        0  queue.o(.text.prvGetDisinheritPriorityAfterTimeout)
    prvGetExpectedIdleTime                   0x00001e35   Thumb Code   124  tasks.o(.text.prvGetExpectedIdleTime)
    [Anonymous Symbol]                       0x00001e34   Section        0  tasks.o(.text.prvGetExpectedIdleTime)
    prvHeapInit                              0x00001eb1   Thumb Code   174  heap_4.o(.text.prvHeapInit)
    [Anonymous Symbol]                       0x00001eb0   Section        0  heap_4.o(.text.prvHeapInit)
    prvIdleTask                              0x00001f61   Thumb Code   158  tasks.o(.text.prvIdleTask)
    [Anonymous Symbol]                       0x00001f60   Section        0  tasks.o(.text.prvIdleTask)
    prvInitialiseMutex                       0x00002001   Thumb Code    44  queue.o(.text.prvInitialiseMutex)
    [Anonymous Symbol]                       0x00002000   Section        0  queue.o(.text.prvInitialiseMutex)
    prvInitialiseNewQueue                    0x0000202d   Thumb Code    78  queue.o(.text.prvInitialiseNewQueue)
    [Anonymous Symbol]                       0x0000202c   Section        0  queue.o(.text.prvInitialiseNewQueue)
    prvInitialiseNewTask                     0x0000207d   Thumb Code   292  tasks.o(.text.prvInitialiseNewTask)
    [Anonymous Symbol]                       0x0000207c   Section        0  tasks.o(.text.prvInitialiseNewTask)
    prvInitialiseTaskLists                   0x000021a1   Thumb Code   142  tasks.o(.text.prvInitialiseTaskLists)
    [Anonymous Symbol]                       0x000021a0   Section        0  tasks.o(.text.prvInitialiseTaskLists)
    prvInsertBlockIntoFreeList               0x00002231   Thumb Code   198  heap_4.o(.text.prvInsertBlockIntoFreeList)
    [Anonymous Symbol]                       0x00002230   Section        0  heap_4.o(.text.prvInsertBlockIntoFreeList)
    prvIsQueueEmpty                          0x000022f9   Thumb Code    40  queue.o(.text.prvIsQueueEmpty)
    [Anonymous Symbol]                       0x000022f8   Section        0  queue.o(.text.prvIsQueueEmpty)
    prvIsQueueFull                           0x00002321   Thumb Code    46  queue.o(.text.prvIsQueueFull)
    [Anonymous Symbol]                       0x00002320   Section        0  queue.o(.text.prvIsQueueFull)
    prvNotifyQueueSetContainer               0x00002351   Thumb Code   236  queue.o(.text.prvNotifyQueueSetContainer)
    [Anonymous Symbol]                       0x00002350   Section        0  queue.o(.text.prvNotifyQueueSetContainer)
    prvPortStartFirstTask                    0x0000243d   Thumb Code    40  port.o(.text.prvPortStartFirstTask)
    [Anonymous Symbol]                       0x0000243c   Section        0  port.o(.text.prvPortStartFirstTask)
    prvResetNextTaskUnblockTime              0x00002465   Thumb Code    60  tasks.o(.text.prvResetNextTaskUnblockTime)
    [Anonymous Symbol]                       0x00002464   Section        0  tasks.o(.text.prvResetNextTaskUnblockTime)
    prvTaskExitError                         0x000024a1   Thumb Code    76  port.o(.text.prvTaskExitError)
    [Anonymous Symbol]                       0x000024a0   Section        0  port.o(.text.prvTaskExitError)
    prvUnlockQueue                           0x000024ed   Thumb Code   204  queue.o(.text.prvUnlockQueue)
    [Anonymous Symbol]                       0x000024ec   Section        0  queue.o(.text.prvUnlockQueue)
    [Anonymous Symbol]                       0x000025b8   Section        0  heap_4.o(.text.pvPortMalloc)
    [Anonymous Symbol]                       0x00002780   Section        0  tasks.o(.text.pvTaskIncrementMutexHeldCount)
    [Anonymous Symbol]                       0x000027ac   Section        0  port.o(.text.pxPortInitialiseStack)
    [Anonymous Symbol]                       0x0000280c   Section        0  list.o(.text.uxListRemove)
    [Anonymous Symbol]                       0x00002854   Section        0  tasks.o(.text.uxTaskGetNumberOfTasks)
    [Anonymous Symbol]                       0x00002860   Section        0  main.o(.text.vApplicationIdleHook)
    [Anonymous Symbol]                       0x00002864   Section        0  list.o(.text.vListInitialise)
    [Anonymous Symbol]                       0x00002894   Section        0  list.o(.text.vListInitialiseItem)
    [Anonymous Symbol]                       0x000028a4   Section        0  list.o(.text.vListInsert)
    vPortEnableVFP                           0x00002911   Thumb Code    20  port.o(.text.vPortEnableVFP)
    [Anonymous Symbol]                       0x00002910   Section        0  port.o(.text.vPortEnableVFP)
    [Anonymous Symbol]                       0x00002924   Section        0  port.o(.text.vPortEnterCritical)
    [Anonymous Symbol]                       0x0000297c   Section        0  port.o(.text.vPortExitCritical)
    [Anonymous Symbol]                       0x000029c8   Section        0  heap_4.o(.text.vPortFree)
    [Anonymous Symbol]                       0x00002a84   Section        0  port.o(.text.vPortSetupTimerInterrupt)
    [Anonymous Symbol]                       0x00002afc   Section        0  port.o(.text.vPortSuppressTicksAndSleep)
    [Anonymous Symbol]                       0x00002d1c   Section        0  tasks.o(.text.vTaskInternalSetTimeOutState)
    [Anonymous Symbol]                       0x00002d40   Section        0  tasks.o(.text.vTaskMissedYield)
    [Anonymous Symbol]                       0x00002d50   Section        0  tasks.o(.text.vTaskPlaceOnEventList)
    [Anonymous Symbol]                       0x00002d94   Section        0  tasks.o(.text.vTaskPriorityDisinheritAfterTimeout)
    [Anonymous Symbol]                       0x00002f18   Section        0  tasks.o(.text.vTaskStartScheduler)
    [Anonymous Symbol]                       0x00002fb8   Section        0  tasks.o(.text.vTaskStepTick)
    [Anonymous Symbol]                       0x00003084   Section        0  tasks.o(.text.vTaskSuspendAll)
    __tagsym$$used.0                         0x00003094   Number         0  tasks.o(.text.vTaskSwitchContext)
    [Anonymous Symbol]                       0x00003094   Section        0  tasks.o(.text.vTaskSwitchContext)
    [Anonymous Symbol]                       0x00003154   Section        0  port.o(.text.xPortStartScheduler)
    [Anonymous Symbol]                       0x000032ac   Section        0  queue.o(.text.xQueueCreateMutex)
    [Anonymous Symbol]                       0x000032d4   Section        0  queue.o(.text.xQueueGenericCreate)
    [Anonymous Symbol]                       0x00003370   Section        0  queue.o(.text.xQueueGenericReset)
    [Anonymous Symbol]                       0x00003478   Section        0  queue.o(.text.xQueueGenericSend)
    [Anonymous Symbol]                       0x000036ec   Section        0  queue.o(.text.xQueueSemaphoreTake)
    [Anonymous Symbol]                       0x000038fc   Section        0  tasks.o(.text.xTaskCheckForTimeOut)
    [Anonymous Symbol]                       0x000039f8   Section        0  tasks.o(.text.xTaskCreate)
    [Anonymous Symbol]                       0x00003a98   Section        0  tasks.o(.text.xTaskGetSchedulerState)
    [Anonymous Symbol]                       0x00003ad0   Section        0  tasks.o(.text.xTaskIncrementTick)
    [Anonymous Symbol]                       0x00003d30   Section        0  tasks.o(.text.xTaskPriorityDisinherit)
    [Anonymous Symbol]                       0x00003e68   Section        0  tasks.o(.text.xTaskPriorityInherit)
    [Anonymous Symbol]                       0x00003fc4   Section        0  tasks.o(.text.xTaskRemoveFromEventList)
    [Anonymous Symbol]                       0x00004158   Section        0  tasks.o(.text.xTaskResumeAll)
    i.GPIODirModeSet                         0x0000437a   Section        0  gpio.o(i.GPIODirModeSet)
    i.GPIOIntClear                           0x000043a2   Section        0  gpio.o(i.GPIOIntClear)
    i.GPIOIntTypeSet                         0x000043a8   Section        0  gpio.o(i.GPIOIntTypeSet)
    i.GPIOPadConfigSet                       0x000043f8   Section        0  gpio.o(i.GPIOPadConfigSet)
    i.GPIOPinTypeGPIOInput                   0x00004568   Section        0  gpio.o(i.GPIOPinTypeGPIOInput)
    i.GPIOPinTypeGPIOOutput                  0x00004584   Section        0  gpio.o(i.GPIOPinTypeGPIOOutput)
    i.GPIOPinWrite                           0x000045a0   Section        0  gpio.o(i.GPIOPinWrite)
    i.IntDisable                             0x000045a8   Section        0  interrupt.o(i.IntDisable)
    i.IntEnable                              0x0000460c   Section        0  interrupt.o(i.IntEnable)
    i.IntPrioritySet                         0x00004670   Section        0  interrupt.o(i.IntPrioritySet)
    i.SysCtlPeripheralEnable                 0x00004698   Section        0  sysctl.o(i.SysCtlPeripheralEnable)
    $v0                                      0x000046c0   Number         0  fpinit.o(x$fpl$fpinit)
    x$fpl$fpinit                             0x000046c0   Section       26  fpinit.o(x$fpl$fpinit)
    g_pui32Priority                          0x000046dc   Data          32  interrupt.o(.constdata)
    .constdata                               0x000046dc   Section      268  interrupt.o(.constdata)
    g_pui32Regs                              0x000046fc   Data         156  interrupt.o(.constdata)
    g_pui32EnRegs                            0x00004798   Data          20  interrupt.o(.constdata)
    g_pui32Dii16Regs                         0x000047ac   Data          20  interrupt.o(.constdata)
    g_pui32PendRegs                          0x000047c0   Data          20  interrupt.o(.constdata)
    g_pui32UnpendRegs                        0x000047d4   Data          20  interrupt.o(.constdata)
    .L.str.6                                 0x000047e8   Data           8  main.o(.rodata.str1.1)
    [Anonymous Symbol]                       0x000047e8   Section        0  main.o(.rodata.str1.1)
    .L.str.3                                 0x000047f0   Data          15  main.o(.rodata.str1.1)
    .L.str.5                                 0x000047ff   Data          20  main.o(.rodata.str1.1)
    .L.str.4                                 0x00004813   Data          18  main.o(.rodata.str1.1)
    .L.str.2                                 0x00004825   Data          13  main.o(.rodata.str1.1)
    .L.str.7                                 0x00004832   Data          11  main.o(.rodata.str1.1)
    .L.str.1                                 0x0000483d   Data          17  main.o(.rodata.str1.1)
    .L.str                                   0x0000484e   Data          15  main.o(.rodata.str1.1)
    .L.str                                   0x0000485d   Data           5  tasks.o(.rodata.str1.1)
    [Anonymous Symbol]                       0x0000485d   Section        0  tasks.o(.rodata.str1.1)
    uxCriticalNesting                        0x20000004   Data           4  port.o(.data.uxCriticalNesting)
    [Anonymous Symbol]                       0x20000004   Section        0  port.o(.data.uxCriticalNesting)
    .bss                                     0x20000008   Section       96  libspace.o(.bss)
    Timer_Ticks                              0x2000006c   Data           4  main.o(.bss.Timer_Ticks)
    [Anonymous Symbol]                       0x2000006c   Section        0  main.o(.bss.Timer_Ticks)
    __tagsym$$used.1                         0x20000084   Number         0  tasks.o(.bss.pxCurrentTCB)
    pxDelayedTaskList                        0x20000088   Data           4  tasks.o(.bss.pxDelayedTaskList)
    [Anonymous Symbol]                       0x20000088   Section        0  tasks.o(.bss.pxDelayedTaskList)
    pxEnd                                    0x2000008c   Data           4  heap_4.o(.bss.pxEnd)
    [Anonymous Symbol]                       0x2000008c   Section        0  heap_4.o(.bss.pxEnd)
    pxOverflowDelayedTaskList                0x20000090   Data           4  tasks.o(.bss.pxOverflowDelayedTaskList)
    [Anonymous Symbol]                       0x20000090   Section        0  tasks.o(.bss.pxOverflowDelayedTaskList)
    pxReadyTasksLists                        0x20000094   Data         140  tasks.o(.bss.pxReadyTasksLists)
    [Anonymous Symbol]                       0x20000094   Section        0  tasks.o(.bss.pxReadyTasksLists)
    ucHeap                                   0x20000120   Data       31500  heap_4.o(.bss.ucHeap)
    [Anonymous Symbol]                       0x20000120   Section        0  heap_4.o(.bss.ucHeap)
    ucMaxSysCallPriority                     0x20007c2c   Data           1  port.o(.bss.ucMaxSysCallPriority)
    [Anonymous Symbol]                       0x20007c2c   Section        0  port.o(.bss.ucMaxSysCallPriority)
    ulMaxPRIGROUPValue                       0x20007c30   Data           4  port.o(.bss.ulMaxPRIGROUPValue)
    [Anonymous Symbol]                       0x20007c30   Section        0  port.o(.bss.ulMaxPRIGROUPValue)
    ulStoppedTimerCompensation               0x20007c34   Data           4  port.o(.bss.ulStoppedTimerCompensation)
    [Anonymous Symbol]                       0x20007c34   Section        0  port.o(.bss.ulStoppedTimerCompensation)
    ulTimerCountsForOneTick                  0x20007c38   Data           4  port.o(.bss.ulTimerCountsForOneTick)
    [Anonymous Symbol]                       0x20007c38   Section        0  port.o(.bss.ulTimerCountsForOneTick)
    uxCurrentNumberOfTasks                   0x20007c3c   Data           4  tasks.o(.bss.uxCurrentNumberOfTasks)
    [Anonymous Symbol]                       0x20007c3c   Section        0  tasks.o(.bss.uxCurrentNumberOfTasks)
    uxDeletedTasksWaitingCleanUp             0x20007c40   Data           4  tasks.o(.bss.uxDeletedTasksWaitingCleanUp)
    [Anonymous Symbol]                       0x20007c40   Section        0  tasks.o(.bss.uxDeletedTasksWaitingCleanUp)
    uxSchedulerSuspended                     0x20007c44   Data           4  tasks.o(.bss.uxSchedulerSuspended)
    [Anonymous Symbol]                       0x20007c44   Section        0  tasks.o(.bss.uxSchedulerSuspended)
    uxTaskNumber                             0x20007c48   Data           4  tasks.o(.bss.uxTaskNumber)
    [Anonymous Symbol]                       0x20007c48   Section        0  tasks.o(.bss.uxTaskNumber)
    uxTopReadyPriority                       0x20007c4c   Data           4  tasks.o(.bss.uxTopReadyPriority)
    [Anonymous Symbol]                       0x20007c4c   Section        0  tasks.o(.bss.uxTopReadyPriority)
    xDelayedTaskList1                        0x20007c50   Data          20  tasks.o(.bss.xDelayedTaskList1)
    [Anonymous Symbol]                       0x20007c50   Section        0  tasks.o(.bss.xDelayedTaskList1)
    xDelayedTaskList2                        0x20007c64   Data          20  tasks.o(.bss.xDelayedTaskList2)
    [Anonymous Symbol]                       0x20007c64   Section        0  tasks.o(.bss.xDelayedTaskList2)
    xFreeBytesRemaining                      0x20007c80   Data           4  heap_4.o(.bss.xFreeBytesRemaining)
    [Anonymous Symbol]                       0x20007c80   Section        0  heap_4.o(.bss.xFreeBytesRemaining)
    xIdleTaskHandle                          0x20007c84   Data           4  tasks.o(.bss.xIdleTaskHandle)
    [Anonymous Symbol]                       0x20007c84   Section        0  tasks.o(.bss.xIdleTaskHandle)
    xMaximumPossibleSuppressedTicks          0x20007c8c   Data           4  port.o(.bss.xMaximumPossibleSuppressedTicks)
    [Anonymous Symbol]                       0x20007c8c   Section        0  port.o(.bss.xMaximumPossibleSuppressedTicks)
    xMinimumEverFreeBytesRemaining           0x20007c90   Data           4  heap_4.o(.bss.xMinimumEverFreeBytesRemaining)
    [Anonymous Symbol]                       0x20007c90   Section        0  heap_4.o(.bss.xMinimumEverFreeBytesRemaining)
    xNextTaskUnblockTime                     0x20007c98   Data           4  tasks.o(.bss.xNextTaskUnblockTime)
    [Anonymous Symbol]                       0x20007c98   Section        0  tasks.o(.bss.xNextTaskUnblockTime)
    xNumOfOverflows                          0x20007c9c   Data           4  tasks.o(.bss.xNumOfOverflows)
    [Anonymous Symbol]                       0x20007c9c   Section        0  tasks.o(.bss.xNumOfOverflows)
    xNumberOfSuccessfulAllocations           0x20007ca0   Data           4  heap_4.o(.bss.xNumberOfSuccessfulAllocations)
    [Anonymous Symbol]                       0x20007ca0   Section        0  heap_4.o(.bss.xNumberOfSuccessfulAllocations)
    xNumberOfSuccessfulFrees                 0x20007ca4   Data           4  heap_4.o(.bss.xNumberOfSuccessfulFrees)
    [Anonymous Symbol]                       0x20007ca4   Section        0  heap_4.o(.bss.xNumberOfSuccessfulFrees)
    xPendedTicks                             0x20007cb8   Data           4  tasks.o(.bss.xPendedTicks)
    [Anonymous Symbol]                       0x20007cb8   Section        0  tasks.o(.bss.xPendedTicks)
    xPendingReadyList                        0x20007cbc   Data          20  tasks.o(.bss.xPendingReadyList)
    [Anonymous Symbol]                       0x20007cbc   Section        0  tasks.o(.bss.xPendingReadyList)
    xSchedulerRunning                        0x20007cd0   Data           4  tasks.o(.bss.xSchedulerRunning)
    [Anonymous Symbol]                       0x20007cd0   Section        0  tasks.o(.bss.xSchedulerRunning)
    xStart                                   0x20007cd4   Data           8  heap_4.o(.bss.xStart)
    [Anonymous Symbol]                       0x20007cd4   Section        0  heap_4.o(.bss.xStart)
    xSuspendedTaskList                       0x20007cdc   Data          20  tasks.o(.bss.xSuspendedTaskList)
    [Anonymous Symbol]                       0x20007cdc   Section        0  tasks.o(.bss.xSuspendedTaskList)
    xTasksWaitingTermination                 0x20007cf0   Data          20  tasks.o(.bss.xTasksWaitingTermination)
    [Anonymous Symbol]                       0x20007cf0   Section        0  tasks.o(.bss.xTasksWaitingTermination)
    xTickCount                               0x20007d04   Data           4  tasks.o(.bss.xTickCount)
    [Anonymous Symbol]                       0x20007d04   Section        0  tasks.o(.bss.xTickCount)
    xYieldPending                            0x20007d08   Data           4  tasks.o(.bss.xYieldPending)
    [Anonymous Symbol]                       0x20007d08   Section        0  tasks.o(.bss.xYieldPending)
    Heap_Mem                                 0x20007d10   Data           0  startup_tm4c123.o(HEAP)
    Stack_Mem                                0x20007d10   Data         512  startup_tm4c123.o(STACK)
    HEAP                                     0x20007d10   Section        0  startup_tm4c123.o(HEAP)
    STACK                                    0x20007d10   Section      512  startup_tm4c123.o(STACK)
    __initial_sp                             0x20007f10   Data           0  startup_tm4c123.o(STACK)

    Global Symbols

    Symbol Name                              Value     Ov Type        Size  Object(Section)

    BuildAttributes$$THM_ISAv4$E$P$D$K$B$S$7EM$VFPi3$EXTD16$VFPS$VFMA$PE$A:L22UL41UL21$X:L11$S22US41US21$IEEE1$IW$~IW$USESV6$~STKCKD$USESV7$~SHL$OTIME$ROPI$EBA8$UX$STANDARDLIB$REQ8$PRES8$EABIv2 0x00000000   Number         0  anon$$obj.o ABSOLUTE
    __Vectors                                0x00000000   Data           4  startup_tm4c123.o(RESET)
    __ARM_exceptions_init                     - Undefined Weak Reference
    __alloca_initialize                       - Undefined Weak Reference
    __arm_preinit_                            - Undefined Weak Reference
    __arm_relocate_pie_                       - Undefined Weak Reference
    __cpp_initialize__aeabi_                  - Undefined Weak Reference
    __cxa_finalize                            - Undefined Weak Reference
    __rt_locale                               - Undefined Weak Reference
    __sigvec_lookup                           - Undefined Weak Reference
    _atexit_init                              - Undefined Weak Reference
    _call_atexit_fns                          - Undefined Weak Reference
    _clock_init                               - Undefined Weak Reference
    _fp_trap_init                             - Undefined Weak Reference
    _fp_trap_shutdown                         - Undefined Weak Reference
    _get_lc_collate                           - Undefined Weak Reference
    _get_lc_ctype                             - Undefined Weak Reference
    _get_lc_monetary                          - Undefined Weak Reference
    _get_lc_numeric                           - Undefined Weak Reference
    _get_lc_time                              - Undefined Weak Reference
    _getenv_init                              - Undefined Weak Reference
    _handle_redirection                       - Undefined Weak Reference
    _init_alloc                               - Undefined Weak Reference
    _init_user_alloc                          - Undefined Weak Reference
    _initio                                   - Undefined Weak Reference
    _rand_init                                - Undefined Weak Reference
    _signal_finish                            - Undefined Weak Reference
    _signal_init                              - Undefined Weak Reference
    _terminate_alloc                          - Undefined Weak Reference
    _terminate_user_alloc                     - Undefined Weak Reference
    _terminateio                              - Undefined Weak Reference
    __Vectors_End                            0x0000026c   Data           0  startup_tm4c123.o(RESET)
    __Vectors_Size                           0x0000026c   Number         0  startup_tm4c123.o ABSOLUTE
    __main                                   0x0000026d   Thumb Code     8  __main.o(!!!main)
    __scatterload                            0x00000275   Thumb Code     0  __scatter.o(!!!scatter)
    __scatterload_rt2                        0x00000275   Thumb Code    44  __scatter.o(!!!scatter)
    __scatterload_rt2_thumb_only             0x00000275   Thumb Code     0  __scatter.o(!!!scatter)
    __scatterload_null                       0x00000283   Thumb Code     0  __scatter.o(!!!scatter)
    __scatterload_copy                       0x000002a9   Thumb Code    26  __scatter_copy.o(!!handler_copy)
    __scatterload_zeroinit                   0x000002c5   Thumb Code    28  __scatter_zi.o(!!handler_zi)
    __rt_lib_init                            0x000002e1   Thumb Code     0  libinit.o(.ARM.Collect$$libinit$$00000000)
    __rt_lib_init_fp_1                       0x000002e3   Thumb Code     0  libinit2.o(.ARM.Collect$$libinit$$00000001)
    __rt_lib_init_alloca_1                   0x000002e7   Thumb Code     0  libinit2.o(.ARM.Collect$$libinit$$00000030)
    __rt_lib_init_argv_1                     0x000002e7   Thumb Code     0  libinit2.o(.ARM.Collect$$libinit$$0000002E)
    __rt_lib_init_atexit_1                   0x000002e7   Thumb Code     0  libinit2.o(.ARM.Collect$$libinit$$0000001D)
    __rt_lib_init_clock_1                    0x000002e7   Thumb Code     0  libinit2.o(.ARM.Collect$$libinit$$00000023)
    __rt_lib_init_cpp_1                      0x000002e7   Thumb Code     0  libinit2.o(.ARM.Collect$$libinit$$00000034)
    __rt_lib_init_exceptions_1               0x000002e7   Thumb Code     0  libinit2.o(.ARM.Collect$$libinit$$00000032)
    __rt_lib_init_fp_trap_1                  0x000002e7   Thumb Code     0  libinit2.o(.ARM.Collect$$libinit$$00000021)
    __rt_lib_init_getenv_1                   0x000002e7   Thumb Code     0  libinit2.o(.ARM.Collect$$libinit$$00000025)
    __rt_lib_init_heap_1                     0x000002e7   Thumb Code     0  libinit2.o(.ARM.Collect$$libinit$$0000000C)
    __rt_lib_init_lc_collate_1               0x000002e7   Thumb Code     0  libinit2.o(.ARM.Collect$$libinit$$00000013)
    __rt_lib_init_lc_ctype_1                 0x000002e7   Thumb Code     0  libinit2.o(.ARM.Collect$$libinit$$00000015)
    __rt_lib_init_lc_monetary_1              0x000002e7   Thumb Code     0  libinit2.o(.ARM.Collect$$libinit$$00000017)
    __rt_lib_init_lc_numeric_1               0x000002e7   Thumb Code     0  libinit2.o(.ARM.Collect$$libinit$$00000019)
    __rt_lib_init_lc_time_1                  0x000002e7   Thumb Code     0  libinit2.o(.ARM.Collect$$libinit$$0000001B)
    __rt_lib_init_preinit_1                  0x000002e7   Thumb Code     0  libinit2.o(.ARM.Collect$$libinit$$00000006)
    __rt_lib_init_rand_1                     0x000002e7   Thumb Code     0  libinit2.o(.ARM.Collect$$libinit$$00000010)
    __rt_lib_init_relocate_pie_1             0x000002e7   Thumb Code     0  libinit2.o(.ARM.Collect$$libinit$$00000004)
    __rt_lib_init_return                     0x000002e7   Thumb Code     0  libinit2.o(.ARM.Collect$$libinit$$00000035)
    __rt_lib_init_signal_1                   0x000002e7   Thumb Code     0  libinit2.o(.ARM.Collect$$libinit$$0000001F)
    __rt_lib_init_stdio_1                    0x000002e7   Thumb Code     0  libinit2.o(.ARM.Collect$$libinit$$00000027)
    __rt_lib_init_user_alloc_1               0x000002e7   Thumb Code     0  libinit2.o(.ARM.Collect$$libinit$$0000000E)
    __rt_lib_shutdown                        0x000002e9   Thumb Code     0  libshutdown.o(.ARM.Collect$$libshutdown$$00000000)
    __rt_lib_shutdown_cpp_1                  0x000002eb   Thumb Code     0  libshutdown2.o(.ARM.Collect$$libshutdown$$00000002)
    __rt_lib_shutdown_fp_trap_1              0x000002eb   Thumb Code     0  libshutdown2.o(.ARM.Collect$$libshutdown$$00000007)
    __rt_lib_shutdown_heap_1                 0x000002eb   Thumb Code     0  libshutdown2.o(.ARM.Collect$$libshutdown$$0000000F)
    __rt_lib_shutdown_return                 0x000002eb   Thumb Code     0  libshutdown2.o(.ARM.Collect$$libshutdown$$00000010)
    __rt_lib_shutdown_signal_1               0x000002eb   Thumb Code     0  libshutdown2.o(.ARM.Collect$$libshutdown$$0000000A)
    __rt_lib_shutdown_stdio_1                0x000002eb   Thumb Code     0  libshutdown2.o(.ARM.Collect$$libshutdown$$00000004)
    __rt_lib_shutdown_user_alloc_1           0x000002eb   Thumb Code     0  libshutdown2.o(.ARM.Collect$$libshutdown$$0000000C)
    __rt_entry                               0x000002ed   Thumb Code     0  __rtentry.o(.ARM.Collect$$rtentry$$00000000)
    __rt_entry_presh_1                       0x000002ed   Thumb Code     0  __rtentry2.o(.ARM.Collect$$rtentry$$00000002)
    __rt_entry_sh                            0x000002ed   Thumb Code     0  __rtentry4.o(.ARM.Collect$$rtentry$$00000004)
    __rt_entry_li                            0x000002f3   Thumb Code     0  __rtentry2.o(.ARM.Collect$$rtentry$$0000000A)
    __rt_entry_postsh_1                      0x000002f3   Thumb Code     0  __rtentry2.o(.ARM.Collect$$rtentry$$00000009)
    __rt_entry_main                          0x000002f7   Thumb Code     0  __rtentry2.o(.ARM.Collect$$rtentry$$0000000D)
    __rt_entry_postli_1                      0x000002f7   Thumb Code     0  __rtentry2.o(.ARM.Collect$$rtentry$$0000000C)
    __rt_exit                                0x000002ff   Thumb Code     0  rtexit.o(.ARM.Collect$$rtexit$$00000000)
    __rt_exit_ls                             0x00000301   Thumb Code     0  rtexit2.o(.ARM.Collect$$rtexit$$00000003)
    __rt_exit_prels_1                        0x00000301   Thumb Code     0  rtexit2.o(.ARM.Collect$$rtexit$$00000002)
    __rt_exit_exit                           0x00000305   Thumb Code     0  rtexit2.o(.ARM.Collect$$rtexit$$00000004)
    Reset_Handler                            0x0000030d   Thumb Code     8  startup_tm4c123.o(.text)
    NMI_Handler                              0x00000315   Thumb Code     2  startup_tm4c123.o(.text)
    HardFault_Handler                        0x00000317   Thumb Code     2  startup_tm4c123.o(.text)
    MemManage_Handler                        0x00000319   Thumb Code     2  startup_tm4c123.o(.text)
    BusFault_Handler                         0x0000031b   Thumb Code     2  startup_tm4c123.o(.text)
    UsageFault_Handler                       0x0000031d   Thumb Code     2  startup_tm4c123.o(.text)
    DebugMon_Handler                         0x00000321   Thumb Code     2  startup_tm4c123.o(.text)
    GPIOA_Handler                            0x00000327   Thumb Code     2  startup_tm4c123.o(.text)
    GPIOB_Handler                            0x00000329   Thumb Code     2  startup_tm4c123.o(.text)
    GPIOC_Handler                            0x0000032b   Thumb Code     2  startup_tm4c123.o(.text)
    UART0_Handler                            0x00000331   Thumb Code     2  startup_tm4c123.o(.text)
    UART1_Handler                            0x00000333   Thumb Code     2  startup_tm4c123.o(.text)
    SSI0_Handler                             0x00000335   Thumb Code     2  startup_tm4c123.o(.text)
    I2C0_Handler                             0x00000337   Thumb Code     2  startup_tm4c123.o(.text)
    PMW0_FAULT_Handler                       0x00000339   Thumb Code     2  startup_tm4c123.o(.text)
    PWM0_0_Handler                           0x0000033b   Thumb Code     2  startup_tm4c123.o(.text)
    PWM0_1_Handler                           0x0000033d   Thumb Code     2  startup_tm4c123.o(.text)
    PWM0_2_Handler                           0x0000033f   Thumb Code     2  startup_tm4c123.o(.text)
    QEI0_Handler                             0x00000341   Thumb Code     2  startup_tm4c123.o(.text)
    ADC0SS0_Handler                          0x00000343   Thumb Code     2  startup_tm4c123.o(.text)
    ADC0SS1_Handler                          0x00000345   Thumb Code     2  startup_tm4c123.o(.text)
    ADC0SS2_Handler                          0x00000347   Thumb Code     2  startup_tm4c123.o(.text)
    ADC0SS3_Handler                          0x00000349   Thumb Code     2  startup_tm4c123.o(.text)
    WDT0_Handler                             0x0000034b   Thumb Code     2  startup_tm4c123.o(.text)
    TIMER0B_Handler                          0x0000034f   Thumb Code     2  startup_tm4c123.o(.text)
    TIMER1A_Handler                          0x00000351   Thumb Code     2  startup_tm4c123.o(.text)
    TIMER1B_Handler                          0x00000353   Thumb Code     2  startup_tm4c123.o(.text)
    TIMER2A_Handler                          0x00000355   Thumb Code     2  startup_tm4c123.o(.text)
    TIMER2B_Handler                          0x00000357   Thumb Code     2  startup_tm4c123.o(.text)
    COMP0_Handler                            0x00000359   Thumb Code     2  startup_tm4c123.o(.text)
    COMP1_Handler                            0x0000035b   Thumb Code     2  startup_tm4c123.o(.text)
    COMP2_Handler                            0x0000035d   Thumb Code     2  startup_tm4c123.o(.text)
    SYSCTL_Handler                           0x0000035f   Thumb Code     2  startup_tm4c123.o(.text)
    FLASH_Handler                            0x00000361   Thumb Code     2  startup_tm4c123.o(.text)
    GPIOG_Handler                            0x00000365   Thumb Code     2  startup_tm4c123.o(.text)
    GPIOH_Handler                            0x00000367   Thumb Code     2  startup_tm4c123.o(.text)
    UART2_Handler                            0x00000369   Thumb Code     2  startup_tm4c123.o(.text)
    SSI1_Handler                             0x0000036b   Thumb Code     2  startup_tm4c123.o(.text)
    TIMER3A_Handler                          0x0000036d   Thumb Code     2  startup_tm4c123.o(.text)
    TIMER3B_Handler                          0x0000036f   Thumb Code     2  startup_tm4c123.o(.text)
    I2C1_Handler                             0x00000371   Thumb Code     2  startup_tm4c123.o(.text)
    QEI1_Handler                             0x00000373   Thumb Code     2  startup_tm4c123.o(.text)
    CAN0_Handler                             0x00000375   Thumb Code     2  startup_tm4c123.o(.text)
    CAN1_Handler                             0x00000377   Thumb Code     2  startup_tm4c123.o(.text)
    CAN2_Handler                             0x00000379   Thumb Code     2  startup_tm4c123.o(.text)
    HIB_Handler                              0x0000037b   Thumb Code     2  startup_tm4c123.o(.text)
    USB0_Handler                             0x0000037d   Thumb Code     2  startup_tm4c123.o(.text)
    PWM0_3_Handler                           0x0000037f   Thumb Code     2  startup_tm4c123.o(.text)
    UDMA_Handler                             0x00000381   Thumb Code     2  startup_tm4c123.o(.text)
    UDMAERR_Handler                          0x00000383   Thumb Code     2  startup_tm4c123.o(.text)
    ADC1SS0_Handler                          0x00000385   Thumb Code     2  startup_tm4c123.o(.text)
    ADC1SS1_Handler                          0x00000387   Thumb Code     2  startup_tm4c123.o(.text)
    ADC1SS2_Handler                          0x00000389   Thumb Code     2  startup_tm4c123.o(.text)
    ADC1SS3_Handler                          0x0000038b   Thumb Code     2  startup_tm4c123.o(.text)
    GPIOJ_Handler                            0x0000038d   Thumb Code     2  startup_tm4c123.o(.text)
    GPIOK_Handler                            0x0000038f   Thumb Code     2  startup_tm4c123.o(.text)
    GPIOL_Handler                            0x00000391   Thumb Code     2  startup_tm4c123.o(.text)
    SSI2_Handler                             0x00000393   Thumb Code     2  startup_tm4c123.o(.text)
    SSI3_Handler                             0x00000395   Thumb Code     2  startup_tm4c123.o(.text)
    UART3_Handler                            0x00000397   Thumb Code     2  startup_tm4c123.o(.text)
    UART4_Handler                            0x00000399   Thumb Code     2  startup_tm4c123.o(.text)
    UART5_Handler                            0x0000039b   Thumb Code     2  startup_tm4c123.o(.text)
    UART6_Handler                            0x0000039d   Thumb Code     2  startup_tm4c123.o(.text)
    UART7_Handler                            0x0000039f   Thumb Code     2  startup_tm4c123.o(.text)
    I2C2_Handler                             0x000003a1   Thumb Code     2  startup_tm4c123.o(.text)
    I2C3_Handler                             0x000003a3   Thumb Code     2  startup_tm4c123.o(.text)
    TIMER4A_Handler                          0x000003a5   Thumb Code     2  startup_tm4c123.o(.text)
    TIMER4B_Handler                          0x000003a7   Thumb Code     2  startup_tm4c123.o(.text)
    TIMER5A_Handler                          0x000003a9   Thumb Code     2  startup_tm4c123.o(.text)
    TIMER5B_Handler                          0x000003ab   Thumb Code     2  startup_tm4c123.o(.text)
    WTIMER0A_Handler                         0x000003ad   Thumb Code     2  startup_tm4c123.o(.text)
    WTIMER0B_Handler                         0x000003af   Thumb Code     2  startup_tm4c123.o(.text)
    WTIMER1A_Handler                         0x000003b1   Thumb Code     2  startup_tm4c123.o(.text)
    WTIMER1B_Handler                         0x000003b3   Thumb Code     2  startup_tm4c123.o(.text)
    WTIMER2A_Handler                         0x000003b5   Thumb Code     2  startup_tm4c123.o(.text)
    WTIMER2B_Handler                         0x000003b7   Thumb Code     2  startup_tm4c123.o(.text)
    WTIMER3A_Handler                         0x000003b9   Thumb Code     2  startup_tm4c123.o(.text)
    WTIMER3B_Handler                         0x000003bb   Thumb Code     2  startup_tm4c123.o(.text)
    WTIMER4A_Handler                         0x000003bd   Thumb Code     2  startup_tm4c123.o(.text)
    WTIMER4B_Handler                         0x000003bf   Thumb Code     2  startup_tm4c123.o(.text)
    WTIMER5A_Handler                         0x000003c1   Thumb Code     2  startup_tm4c123.o(.text)
    WTIMER5B_Handler                         0x000003c3   Thumb Code     2  startup_tm4c123.o(.text)
    FPU_Handler                              0x000003c5   Thumb Code     2  startup_tm4c123.o(.text)
    I2C4_Handler                             0x000003c7   Thumb Code     2  startup_tm4c123.o(.text)
    I2C5_Handler                             0x000003c9   Thumb Code     2  startup_tm4c123.o(.text)
    GPIOM_Handler                            0x000003cb   Thumb Code     2  startup_tm4c123.o(.text)
    GPION_Handler                            0x000003cd   Thumb Code     2  startup_tm4c123.o(.text)
    QEI2_Handler                             0x000003cf   Thumb Code     2  startup_tm4c123.o(.text)
    GPIOP0_Handler                           0x000003d1   Thumb Code     2  startup_tm4c123.o(.text)
    GPIOP1_Handler                           0x000003d3   Thumb Code     2  startup_tm4c123.o(.text)
    GPIOP2_Handler                           0x000003d5   Thumb Code     2  startup_tm4c123.o(.text)
    GPIOP3_Handler                           0x000003d7   Thumb Code     2  startup_tm4c123.o(.text)
    GPIOP4_Handler                           0x000003d9   Thumb Code     2  startup_tm4c123.o(.text)
    GPIOP5_Handler                           0x000003db   Thumb Code     2  startup_tm4c123.o(.text)
    GPIOP6_Handler                           0x000003dd   Thumb Code     2  startup_tm4c123.o(.text)
    GPIOP7_Handler                           0x000003df   Thumb Code     2  startup_tm4c123.o(.text)
    GPIOQ0_Handler                           0x000003e1   Thumb Code     2  startup_tm4c123.o(.text)
    GPIOQ1_Handler                           0x000003e3   Thumb Code     2  startup_tm4c123.o(.text)
    GPIOQ2_Handler                           0x000003e5   Thumb Code     2  startup_tm4c123.o(.text)
    GPIOQ3_Handler                           0x000003e7   Thumb Code     2  startup_tm4c123.o(.text)
    GPIOQ4_Handler                           0x000003e9   Thumb Code     2  startup_tm4c123.o(.text)
    GPIOQ5_Handler                           0x000003eb   Thumb Code     2  startup_tm4c123.o(.text)
    GPIOQ6_Handler                           0x000003ed   Thumb Code     2  startup_tm4c123.o(.text)
    GPIOQ7_Handler                           0x000003ef   Thumb Code     2  startup_tm4c123.o(.text)
    GPIOR_Handler                            0x000003f1   Thumb Code     2  startup_tm4c123.o(.text)
    GPIOS_Handler                            0x000003f3   Thumb Code     2  startup_tm4c123.o(.text)
    PMW1_0_Handler                           0x000003f5   Thumb Code     2  startup_tm4c123.o(.text)
    PWM1_1_Handler                           0x000003f7   Thumb Code     2  startup_tm4c123.o(.text)
    PWM1_2_Handler                           0x000003f9   Thumb Code     2  startup_tm4c123.o(.text)
    PWM1_3_Handler                           0x000003fb   Thumb Code     2  startup_tm4c123.o(.text)
    PWM1_FAULT_Handler                       0x000003fd   Thumb Code     2  startup_tm4c123.o(.text)
    __user_initial_stackheap                 0x00000401   Thumb Code     0  startup_tm4c123.o(.text)
    __aeabi_memcpy                           0x00000421   Thumb Code     0  rt_memcpy_v6.o(.text)
    __rt_memcpy                              0x00000421   Thumb Code   138  rt_memcpy_v6.o(.text)
    _memcpy_lastbytes                        0x00000487   Thumb Code     0  rt_memcpy_v6.o(.text)
    __aeabi_memset4                          0x000004ab   Thumb Code    16  aeabi_memset4.o(.text)
    __aeabi_memset8                          0x000004ab   Thumb Code     0  aeabi_memset4.o(.text)
    __aeabi_memclr                           0x000004bb   Thumb Code     0  rt_memclr.o(.text)
    __rt_memclr                              0x000004bb   Thumb Code     0  rt_memclr.o(.text)
    _memset                                  0x000004bf   Thumb Code    64  rt_memclr.o(.text)
    __use_two_region_memory                  0x000004ff   Thumb Code     2  heapauxi.o(.text)
    __rt_heap_escrow$2region                 0x00000501   Thumb Code     2  heapauxi.o(.text)
    __rt_heap_expand$2region                 0x00000503   Thumb Code     2  heapauxi.o(.text)
    __aeabi_memcpy4                          0x00000505   Thumb Code     0  rt_memcpy_w.o(.text)
    __aeabi_memcpy8                          0x00000505   Thumb Code     0  rt_memcpy_w.o(.text)
    __rt_memcpy_w                            0x00000505   Thumb Code   100  rt_memcpy_w.o(.text)
    _memcpy_lastbytes_aligned                0x0000054d   Thumb Code     0  rt_memcpy_w.o(.text)
    __aeabi_memclr4                          0x00000569   Thumb Code     0  rt_memclr_w.o(.text)
    __aeabi_memclr8                          0x00000569   Thumb Code     0  rt_memclr_w.o(.text)
    __rt_memclr_w                            0x00000569   Thumb Code     0  rt_memclr_w.o(.text)
    _memset_w                                0x0000056d   Thumb Code    74  rt_memclr_w.o(.text)
    __user_setup_stackheap                   0x000005b7   Thumb Code    74  sys_stackheap_outer.o(.text)
    exit                                     0x00000601   Thumb Code    18  exit.o(.text)
    __user_libspace                          0x00000615   Thumb Code     8  libspace.o(.text)
    __user_perproc_libspace                  0x00000615   Thumb Code     0  libspace.o(.text)
    __user_perthread_libspace                0x00000615   Thumb Code     0  libspace.o(.text)
    _sys_exit                                0x0000061d   Thumb Code     8  sys_exit.o(.text)
    __I$use$semihosting                      0x00000629   Thumb Code     0  use_no_semi.o(.text)
    __use_no_semihosting_swi                 0x00000629   Thumb Code     2  use_no_semi.o(.text)
    __semihosting_library_function           0x0000062b   Thumb Code     0  indicate_semi.o(.text)
    Controller                               0x0000062d   Thumb Code   240  main.o(.text.Controller)
    DriverDown                               0x0000071d   Thumb Code   338  main.o(.text.DriverDown)
    DriverUp                                 0x00000871   Thumb Code   398  main.o(.text.DriverUp)
    GPIOD_Handler                            0x00000a01   Thumb Code   148  main.o(.text.GPIOD_Handler)
    GPIOE_Handler                            0x00000a95   Thumb Code   198  main.o(.text.GPIOE_Handler)
    GPIOF_Handler                            0x00000b5d   Thumb Code   122  main.o(.text.GPIOF_Handler)
    Jamming                                  0x00000bd9   Thumb Code   330  main.o(.text.Jamming)
    PassengerDown                            0x00000d25   Thumb Code   272  main.o(.text.PassengerDown)
    PassengerDownAuto                        0x00000e35   Thumb Code   256  main.o(.text.PassengerDownAuto)
    PassengerUp                              0x00000f35   Thumb Code   294  main.o(.text.PassengerUp)
    PassengerUpAuto                          0x0000105d   Thumb Code   278  main.o(.text.PassengerUpAuto)
    PendSV_Handler                           0x00001181   Thumb Code   100  port.o(.text.PendSV_Handler)
    PortD_Init                               0x000011e5   Thumb Code   250  ports_init.o(.text.PortD_Init)
    PortE_Init                               0x000012e1   Thumb Code   238  ports_init.o(.text.PortE_Init)
    PortF_Init                               0x000013d1   Thumb Code   190  ports_init.o(.text.PortF_Init)
    SVC_Handler                              0x00001491   Thumb Code    36  port.o(.text.SVC_Handler)
    SysTick_Handler                          0x000014b5   Thumb Code    60  port.o(.text.SysTick_Handler)
    SystemInit                               0x000014f1   Thumb Code   268  system_tm4c123.o(.text.SystemInit)
    TIMER0A_Handler                          0x000015fd   Thumb Code    42  main.o(.text.TIMER0A_Handler)
    Timer0A                                  0x00001629   Thumb Code   114  main.o(.text.Timer0A)
    eTaskConfirmSleepModeStatus              0x0000169d   Thumb Code   128  tasks.o(.text.eTaskConfirmSleepModeStatus)
    main                                     0x0000171d   Thumb Code   822  main.o(.text.main)
    pvPortMalloc                             0x000025b9   Thumb Code   456  heap_4.o(.text.pvPortMalloc)
    pvTaskIncrementMutexHeldCount            0x00002781   Thumb Code    44  tasks.o(.text.pvTaskIncrementMutexHeldCount)
    pxPortInitialiseStack                    0x000027ad   Thumb Code    94  port.o(.text.pxPortInitialiseStack)
    uxListRemove                             0x0000280d   Thumb Code    72  list.o(.text.uxListRemove)
    uxTaskGetNumberOfTasks                   0x00002855   Thumb Code    12  tasks.o(.text.uxTaskGetNumberOfTasks)
    vApplicationIdleHook                     0x00002861   Thumb Code     2  main.o(.text.vApplicationIdleHook)
    vListInitialise                          0x00002865   Thumb Code    46  list.o(.text.vListInitialise)
    vListInitialiseItem                      0x00002895   Thumb Code    14  list.o(.text.vListInitialiseItem)
    vListInsert                              0x000028a5   Thumb Code   106  list.o(.text.vListInsert)
    vPortEnterCritical                       0x00002925   Thumb Code    86  port.o(.text.vPortEnterCritical)
    vPortExitCritical                        0x0000297d   Thumb Code    74  port.o(.text.vPortExitCritical)
    vPortFree                                0x000029c9   Thumb Code   186  heap_4.o(.text.vPortFree)
    vPortSetupTimerInterrupt                 0x00002a85   Thumb Code   120  port.o(.text.vPortSetupTimerInterrupt)
    vPortSuppressTicksAndSleep               0x00002afd   Thumb Code   544  port.o(.text.vPortSuppressTicksAndSleep)
    vTaskInternalSetTimeOutState             0x00002d1d   Thumb Code    36  tasks.o(.text.vTaskInternalSetTimeOutState)
    vTaskMissedYield                         0x00002d41   Thumb Code    14  tasks.o(.text.vTaskMissedYield)
    vTaskPlaceOnEventList                    0x00002d51   Thumb Code    66  tasks.o(.text.vTaskPlaceOnEventList)
    vTaskPriorityDisinheritAfterTimeout      0x00002d95   Thumb Code   386  tasks.o(.text.vTaskPriorityDisinheritAfterTimeout)
    vTaskStartScheduler                      0x00002f19   Thumb Code   160  tasks.o(.text.vTaskStartScheduler)
    vTaskStepTick                            0x00002fb9   Thumb Code   204  tasks.o(.text.vTaskStepTick)
    vTaskSuspendAll                          0x00003085   Thumb Code    16  tasks.o(.text.vTaskSuspendAll)
    vTaskSwitchContext                       0x00003095   Thumb Code   190  tasks.o(.text.vTaskSwitchContext)
    xPortStartScheduler                      0x00003155   Thumb Code   342  port.o(.text.xPortStartScheduler)
    xQueueCreateMutex                        0x000032ad   Thumb Code    38  queue.o(.text.xQueueCreateMutex)
    xQueueGenericCreate                      0x000032d5   Thumb Code   154  queue.o(.text.xQueueGenericCreate)
    xQueueGenericReset                       0x00003371   Thumb Code   264  queue.o(.text.xQueueGenericReset)
    xQueueGenericSend                        0x00003479   Thumb Code   628  queue.o(.text.xQueueGenericSend)
    xQueueSemaphoreTake                      0x000036ed   Thumb Code   528  queue.o(.text.xQueueSemaphoreTake)
    xTaskCheckForTimeOut                     0x000038fd   Thumb Code   252  tasks.o(.text.xTaskCheckForTimeOut)
    xTaskCreate                              0x000039f9   Thumb Code   160  tasks.o(.text.xTaskCreate)
    xTaskGetSchedulerState                   0x00003a99   Thumb Code    56  tasks.o(.text.xTaskGetSchedulerState)
    xTaskIncrementTick                       0x00003ad1   Thumb Code   608  tasks.o(.text.xTaskIncrementTick)
    xTaskPriorityDisinherit                  0x00003d31   Thumb Code   312  tasks.o(.text.xTaskPriorityDisinherit)
    xTaskPriorityInherit                     0x00003e69   Thumb Code   348  tasks.o(.text.xTaskPriorityInherit)
    xTaskRemoveFromEventList                 0x00003fc5   Thumb Code   402  tasks.o(.text.xTaskRemoveFromEventList)
    xTaskResumeAll                           0x00004159   Thumb Code   546  tasks.o(.text.xTaskResumeAll)
    GPIODirModeSet                           0x0000437b   Thumb Code    40  gpio.o(i.GPIODirModeSet)
    GPIOIntClear                             0x000043a3   Thumb Code     6  gpio.o(i.GPIOIntClear)
    GPIOIntTypeSet                           0x000043a9   Thumb Code    80  gpio.o(i.GPIOIntTypeSet)
    GPIOPadConfigSet                         0x000043f9   Thumb Code   354  gpio.o(i.GPIOPadConfigSet)
    GPIOPinTypeGPIOInput                     0x00004569   Thumb Code    28  gpio.o(i.GPIOPinTypeGPIOInput)
    GPIOPinTypeGPIOOutput                    0x00004585   Thumb Code    28  gpio.o(i.GPIOPinTypeGPIOOutput)
    GPIOPinWrite                             0x000045a1   Thumb Code     6  gpio.o(i.GPIOPinWrite)
    IntDisable                               0x000045a9   Thumb Code    92  interrupt.o(i.IntDisable)
    IntEnable                                0x0000460d   Thumb Code    92  interrupt.o(i.IntEnable)
    IntPrioritySet                           0x00004671   Thumb Code    36  interrupt.o(i.IntPrioritySet)
    SysCtlPeripheralEnable                   0x00004699   Thumb Code    36  sysctl.o(i.SysCtlPeripheralEnable)
    _fp_init                                 0x000046c1   Thumb Code    26  fpinit.o(x$fpl$fpinit)
    __fplib_config_fpu_vfp                   0x000046d9   Thumb Code     0  fpinit.o(x$fpl$fpinit)
    __fplib_config_pureend_doubles           0x000046d9   Thumb Code     0  fpinit.o(x$fpl$fpinit)
    uxTopUsedPriority                        0x00004864   Data           4  tasks.o(.rodata.uxTopUsedPriority)
    Region$$Table$$Base                      0x00004868   Number         0  anon$$obj.o(Region$$Table)
    Region$$Table$$Limit                     0x00004888   Number         0  anon$$obj.o(Region$$Table)
    SystemCoreClock                          0x20000000   Data           4  system_tm4c123.o(.data.SystemCoreClock)
    __libspace_start                         0x20000008   Data          96  libspace.o(.bss)
    LSDN                                     0x20000068   Data           1  main.o(.bss.LSDN)
    __temporary_stack_top$libspace           0x20000068   Data           0  libspace.o(.bss)
    LSUP                                     0x20000069   Data           1  main.o(.bss.LSUP)
    control                                  0x20000070   Data           1  main.o(.bss.control)
    drivUp                                   0x20000074   Data           4  main.o(.bss.drivUp)
    manualDown                               0x20000078   Data           1  main.o(.bss.manualDown)
    manualUp                                 0x20000079   Data           1  main.o(.bss.manualUp)
    motorUp                                  0x2000007a   Data           1  main.o(.bss.motorUp)
    passengerUp                              0x2000007c   Data           4  main.o(.bss.passengerUp)
    passengerUpAuto                          0x20000080   Data           4  main.o(.bss.passengerUpAuto)
    pxCurrentTCB                             0x20000084   Data           4  tasks.o(.bss.pxCurrentTCB)
    xDriverDown                              0x20007c78   Data           4  main.o(.bss.xDriverDown)
    xDriverUp                                0x20007c7c   Data           4  main.o(.bss.xDriverUp)
    xJamming                                 0x20007c88   Data           4  main.o(.bss.xJamming)
    xMutex                                   0x20007c94   Data           4  main.o(.bss.xMutex)
    xPassengerDown                           0x20007ca8   Data           4  main.o(.bss.xPassengerDown)
    xPassengerDownAuto                       0x20007cac   Data           4  main.o(.bss.xPassengerDownAuto)
    xPassengerUp                             0x20007cb0   Data           4  main.o(.bss.xPassengerUp)
    xPassengerUpAuto                         0x20007cb4   Data           4  main.o(.bss.xPassengerUpAuto)



==============================================================================

Memory Map of the image

  Image Entry point : 0x0000030d

  Load Region LR_IROM1 (Base: 0x00000000, Size: 0x00004890, Max: 0x00040000, ABSOLUTE)

    Execution Region ER_IROM1 (Exec base: 0x00000000, Load base: 0x00000000, Size: 0x00004888, Max: 0x00040000, ABSOLUTE)

    Exec Addr    Load Addr    Size         Type   Attr      Idx    E Section Name        Object

    0x00000000   0x00000000   0x0000026c   Data   RO           92    RESET               startup_tm4c123.o
    0x0000026c   0x0000026c   0x00000008   Code   RO         1279  * !!!main             c_w.l(__main.o)
    0x00000274   0x00000274   0x00000034   Code   RO         1448    !!!scatter          c_w.l(__scatter.o)
    0x000002a8   0x000002a8   0x0000001a   Code   RO         1450    !!handler_copy      c_w.l(__scatter_copy.o)
    0x000002c2   0x000002c2   0x00000002   PAD
    0x000002c4   0x000002c4   0x0000001c   Code   RO         1452    !!handler_zi        c_w.l(__scatter_zi.o)
    0x000002e0   0x000002e0   0x00000002   Code   RO         1310    .ARM.Collect$$libinit$$00000000  c_w.l(libinit.o)
    0x000002e2   0x000002e2   0x00000004   Code   RO         1316    .ARM.Collect$$libinit$$00000001  c_w.l(libinit2.o)
    0x000002e6   0x000002e6   0x00000000   Code   RO         1319    .ARM.Collect$$libinit$$00000004  c_w.l(libinit2.o)
    0x000002e6   0x000002e6   0x00000000   Code   RO         1321    .ARM.Collect$$libinit$$00000006  c_w.l(libinit2.o)
    0x000002e6   0x000002e6   0x00000000   Code   RO         1324    .ARM.Collect$$libinit$$0000000C  c_w.l(libinit2.o)
    0x000002e6   0x000002e6   0x00000000   Code   RO         1326    .ARM.Collect$$libinit$$0000000E  c_w.l(libinit2.o)
    0x000002e6   0x000002e6   0x00000000   Code   RO         1328    .ARM.Collect$$libinit$$00000010  c_w.l(libinit2.o)
    0x000002e6   0x000002e6   0x00000000   Code   RO         1331    .ARM.Collect$$libinit$$00000013  c_w.l(libinit2.o)
    0x000002e6   0x000002e6   0x00000000   Code   RO         1333    .ARM.Collect$$libinit$$00000015  c_w.l(libinit2.o)
    0x000002e6   0x000002e6   0x00000000   Code   RO         1335    .ARM.Collect$$libinit$$00000017  c_w.l(libinit2.o)
    0x000002e6   0x000002e6   0x00000000   Code   RO         1337    .ARM.Collect$$libinit$$00000019  c_w.l(libinit2.o)
    0x000002e6   0x000002e6   0x00000000   Code   RO         1339    .ARM.Collect$$libinit$$0000001B  c_w.l(libinit2.o)
    0x000002e6   0x000002e6   0x00000000   Code   RO         1341    .ARM.Collect$$libinit$$0000001D  c_w.l(libinit2.o)
    0x000002e6   0x000002e6   0x00000000   Code   RO         1343    .ARM.Collect$$libinit$$0000001F  c_w.l(libinit2.o)
    0x000002e6   0x000002e6   0x00000000   Code   RO         1345    .ARM.Collect$$libinit$$00000021  c_w.l(libinit2.o)
    0x000002e6   0x000002e6   0x00000000   Code   RO         1347    .ARM.Collect$$libinit$$00000023  c_w.l(libinit2.o)
    0x000002e6   0x000002e6   0x00000000   Code   RO         1349    .ARM.Collect$$libinit$$00000025  c_w.l(libinit2.o)
    0x000002e6   0x000002e6   0x00000000   Code   RO         1351    .ARM.Collect$$libinit$$00000027  c_w.l(libinit2.o)
    0x000002e6   0x000002e6   0x00000000   Code   RO         1355    .ARM.Collect$$libinit$$0000002E  c_w.l(libinit2.o)
    0x000002e6   0x000002e6   0x00000000   Code   RO         1357    .ARM.Collect$$libinit$$00000030  c_w.l(libinit2.o)
    0x000002e6   0x000002e6   0x00000000   Code   RO         1359    .ARM.Collect$$libinit$$00000032  c_w.l(libinit2.o)
    0x000002e6   0x000002e6   0x00000000   Code   RO         1361    .ARM.Collect$$libinit$$00000034  c_w.l(libinit2.o)
    0x000002e6   0x000002e6   0x00000002   Code   RO         1362    .ARM.Collect$$libinit$$00000035  c_w.l(libinit2.o)
    0x000002e8   0x000002e8   0x00000002   Code   RO         1384    .ARM.Collect$$libshutdown$$00000000  c_w.l(libshutdown.o)
    0x000002ea   0x000002ea   0x00000000   Code   RO         1399    .ARM.Collect$$libshutdown$$00000002  c_w.l(libshutdown2.o)
    0x000002ea   0x000002ea   0x00000000   Code   RO         1401    .ARM.Collect$$libshutdown$$00000004  c_w.l(libshutdown2.o)
    0x000002ea   0x000002ea   0x00000000   Code   RO         1404    .ARM.Collect$$libshutdown$$00000007  c_w.l(libshutdown2.o)
    0x000002ea   0x000002ea   0x00000000   Code   RO         1407    .ARM.Collect$$libshutdown$$0000000A  c_w.l(libshutdown2.o)
    0x000002ea   0x000002ea   0x00000000   Code   RO         1409    .ARM.Collect$$libshutdown$$0000000C  c_w.l(libshutdown2.o)
    0x000002ea   0x000002ea   0x00000000   Code   RO         1412    .ARM.Collect$$libshutdown$$0000000F  c_w.l(libshutdown2.o)
    0x000002ea   0x000002ea   0x00000002   Code   RO         1413    .ARM.Collect$$libshutdown$$00000010  c_w.l(libshutdown2.o)
    0x000002ec   0x000002ec   0x00000000   Code   RO         1281    .ARM.Collect$$rtentry$$00000000  c_w.l(__rtentry.o)
    0x000002ec   0x000002ec   0x00000000   Code   RO         1287    .ARM.Collect$$rtentry$$00000002  c_w.l(__rtentry2.o)
    0x000002ec   0x000002ec   0x00000006   Code   RO         1299    .ARM.Collect$$rtentry$$00000004  c_w.l(__rtentry4.o)
    0x000002f2   0x000002f2   0x00000000   Code   RO         1289    .ARM.Collect$$rtentry$$00000009  c_w.l(__rtentry2.o)
    0x000002f2   0x000002f2   0x00000004   Code   RO         1290    .ARM.Collect$$rtentry$$0000000A  c_w.l(__rtentry2.o)
    0x000002f6   0x000002f6   0x00000000   Code   RO         1292    .ARM.Collect$$rtentry$$0000000C  c_w.l(__rtentry2.o)
    0x000002f6   0x000002f6   0x00000008   Code   RO         1293    .ARM.Collect$$rtentry$$0000000D  c_w.l(__rtentry2.o)
    0x000002fe   0x000002fe   0x00000002   Code   RO         1314    .ARM.Collect$$rtexit$$00000000  c_w.l(rtexit.o)
    0x00000300   0x00000300   0x00000000   Code   RO         1364    .ARM.Collect$$rtexit$$00000002  c_w.l(rtexit2.o)
    0x00000300   0x00000300   0x00000004   Code   RO         1365    .ARM.Collect$$rtexit$$00000003  c_w.l(rtexit2.o)
    0x00000304   0x00000304   0x00000006   Code   RO         1366    .ARM.Collect$$rtexit$$00000004  c_w.l(rtexit2.o)
    0x0000030a   0x0000030a   0x00000002   PAD
    0x0000030c   0x0000030c   0x00000114   Code   RO           93  * .text               startup_tm4c123.o
    0x00000420   0x00000420   0x0000008a   Code   RO         1271    .text               c_w.l(rt_memcpy_v6.o)
    0x000004aa   0x000004aa   0x00000010   Code   RO         1273    .text               c_w.l(aeabi_memset4.o)
    0x000004ba   0x000004ba   0x00000044   Code   RO         1275    .text               c_w.l(rt_memclr.o)
    0x000004fe   0x000004fe   0x00000006   Code   RO         1277    .text               c_w.l(heapauxi.o)
    0x00000504   0x00000504   0x00000064   Code   RO         1282    .text               c_w.l(rt_memcpy_w.o)
    0x00000568   0x00000568   0x0000004e   Code   RO         1284    .text               c_w.l(rt_memclr_w.o)
    0x000005b6   0x000005b6   0x0000004a   Code   RO         1301    .text               c_w.l(sys_stackheap_outer.o)
    0x00000600   0x00000600   0x00000012   Code   RO         1303    .text               c_w.l(exit.o)
    0x00000612   0x00000612   0x00000002   PAD
    0x00000614   0x00000614   0x00000008   Code   RO         1311    .text               c_w.l(libspace.o)
    0x0000061c   0x0000061c   0x0000000c   Code   RO         1374    .text               c_w.l(sys_exit.o)
    0x00000628   0x00000628   0x00000002   Code   RO         1389    .text               c_w.l(use_no_semi.o)
    0x0000062a   0x0000062a   0x00000000   Code   RO         1391    .text               c_w.l(indicate_semi.o)
    0x0000062a   0x0000062a   0x00000002   PAD
    0x0000062c   0x0000062c   0x000000f0   Code   RO            8    .text.Controller    main.o
    0x0000071c   0x0000071c   0x00000152   Code   RO           12    .text.DriverDown    main.o
    0x0000086e   0x0000086e   0x00000002   PAD
    0x00000870   0x00000870   0x0000018e   Code   RO           10    .text.DriverUp      main.o
    0x000009fe   0x000009fe   0x00000002   PAD
    0x00000a00   0x00000a00   0x00000094   Code   RO           28    .text.GPIOD_Handler  main.o
    0x00000a94   0x00000a94   0x000000c6   Code   RO           30    .text.GPIOE_Handler  main.o
    0x00000b5a   0x00000b5a   0x00000002   PAD
    0x00000b5c   0x00000b5c   0x0000007a   Code   RO           26    .text.GPIOF_Handler  main.o
    0x00000bd6   0x00000bd6   0x00000002   PAD
    0x00000bd8   0x00000bd8   0x0000014a   Code   RO           22    .text.Jamming       main.o
    0x00000d22   0x00000d22   0x00000002   PAD
    0x00000d24   0x00000d24   0x00000110   Code   RO           16    .text.PassengerDown  main.o
    0x00000e34   0x00000e34   0x00000100   Code   RO           20    .text.PassengerDownAuto  main.o
    0x00000f34   0x00000f34   0x00000126   Code   RO           14    .text.PassengerUp   main.o
    0x0000105a   0x0000105a   0x00000002   PAD
    0x0000105c   0x0000105c   0x00000116   Code   RO           18    .text.PassengerUpAuto  main.o
    0x00001172   0x00001172   0x0000000e   PAD
    0x00001180   0x00001180   0x00000064   Code   RO          152    .text.PendSV_Handler  port.o
    0x000011e4   0x000011e4   0x000000fa   Code   RO           78    .text.PortD_Init    ports_init.o
    0x000012de   0x000012de   0x00000002   PAD
    0x000012e0   0x000012e0   0x000000ee   Code   RO           80    .text.PortE_Init    ports_init.o
    0x000013ce   0x000013ce   0x00000002   PAD
    0x000013d0   0x000013d0   0x000000be   Code   RO           82    .text.PortF_Init    ports_init.o
    0x0000148e   0x0000148e   0x00000002   PAD
    0x00001490   0x00001490   0x00000024   Code   RO          136    .text.SVC_Handler   port.o
    0x000014b4   0x000014b4   0x0000003c   Code   RO          154    .text.SysTick_Handler  port.o
    0x000014f0   0x000014f0   0x0000010c   Code   RO          104    .text.SystemInit    system_tm4c123.o
    0x000015fc   0x000015fc   0x0000002a   Code   RO            6    .text.TIMER0A_Handler  main.o
    0x00001626   0x00001626   0x00000002   PAD
    0x00001628   0x00001628   0x00000072   Code   RO            4    .text.Timer0A       main.o
    0x0000169a   0x0000169a   0x00000002   PAD
    0x0000169c   0x0000169c   0x00000080   Code   RO          382    .text.eTaskConfirmSleepModeStatus  tasks.o
    0x0000171c   0x0000171c   0x00000336   Code   RO           24    .text.main          main.o
    0x00001a52   0x00001a52   0x00000002   PAD
    0x00001a54   0x00001a54   0x00000122   Code   RO          306    .text.prvAddCurrentTaskToDelayedList  tasks.o
    0x00001b76   0x00001b76   0x00000002   PAD
    0x00001b78   0x00001b78   0x00000154   Code   RO          294    .text.prvAddNewTaskToReadyList  tasks.o
    0x00001ccc   0x00001ccc   0x0000005a   Code   RO          422    .text.prvCheckTasksWaitingTermination  tasks.o
    0x00001d26   0x00001d26   0x00000002   PAD
    0x00001d28   0x00001d28   0x000000cc   Code   RO          229    .text.prvCopyDataToQueue  queue.o
    0x00001df4   0x00001df4   0x00000018   Code   RO          300    .text.prvDeleteTCB  tasks.o
    0x00001e0c   0x00001e0c   0x00000026   Code   RO          247    .text.prvGetDisinheritPriorityAfterTimeout  queue.o
    0x00001e32   0x00001e32   0x00000002   PAD
    0x00001e34   0x00001e34   0x0000007c   Code   RO          424    .text.prvGetExpectedIdleTime  tasks.o
    0x00001eb0   0x00001eb0   0x000000ae   Code   RO          175    .text.prvHeapInit   heap_4.o
    0x00001f5e   0x00001f5e   0x00000002   PAD
    0x00001f60   0x00001f60   0x0000009e   Code   RO          332    .text.prvIdleTask   tasks.o
    0x00001ffe   0x00001ffe   0x00000002   PAD
    0x00002000   0x00002000   0x0000002c   Code   RO          213    .text.prvInitialiseMutex  queue.o
    0x0000202c   0x0000202c   0x0000004e   Code   RO          209    .text.prvInitialiseNewQueue  queue.o
    0x0000207a   0x0000207a   0x00000002   PAD
    0x0000207c   0x0000207c   0x00000124   Code   RO          292    .text.prvInitialiseNewTask  tasks.o
    0x000021a0   0x000021a0   0x0000008e   Code   RO          420    .text.prvInitialiseTaskLists  tasks.o
    0x0000222e   0x0000222e   0x00000002   PAD
    0x00002230   0x00002230   0x000000c6   Code   RO          177    .text.prvInsertBlockIntoFreeList  heap_4.o
    0x000022f6   0x000022f6   0x00000002   PAD
    0x000022f8   0x000022f8   0x00000028   Code   RO          245    .text.prvIsQueueEmpty  queue.o
    0x00002320   0x00002320   0x0000002e   Code   RO          233    .text.prvIsQueueFull  queue.o
    0x0000234e   0x0000234e   0x00000002   PAD
    0x00002350   0x00002350   0x000000ec   Code   RO          231    .text.prvNotifyQueueSetContainer  queue.o
    0x0000243c   0x0000243c   0x00000028   Code   RO          144    .text.prvPortStartFirstTask  port.o
    0x00002464   0x00002464   0x0000003c   Code   RO          298    .text.prvResetNextTaskUnblockTime  tasks.o
    0x000024a0   0x000024a0   0x0000004c   Code   RO          134    .text.prvTaskExitError  port.o
    0x000024ec   0x000024ec   0x000000cc   Code   RO          235    .text.prvUnlockQueue  queue.o
    0x000025b8   0x000025b8   0x000001c8   Code   RO          173    .text.pvPortMalloc  heap_4.o
    0x00002780   0x00002780   0x0000002c   Code   RO          404    .text.pvTaskIncrementMutexHeldCount  tasks.o
    0x000027ac   0x000027ac   0x0000005e   Code   RO          132    .text.pxPortInitialiseStack  port.o
    0x0000280a   0x0000280a   0x00000002   PAD
    0x0000280c   0x0000280c   0x00000048   Code   RO          123    .text.uxListRemove  list.o
    0x00002854   0x00002854   0x0000000c   Code   RO          342    .text.uxTaskGetNumberOfTasks  tasks.o
    0x00002860   0x00002860   0x00000002   Code   RO            2    .text.vApplicationIdleHook  main.o
    0x00002862   0x00002862   0x00000002   PAD
    0x00002864   0x00002864   0x0000002e   Code   RO          115    .text.vListInitialise  list.o
    0x00002892   0x00002892   0x00000002   PAD
    0x00002894   0x00002894   0x0000000e   Code   RO          117    .text.vListInitialiseItem  list.o
    0x000028a2   0x000028a2   0x00000002   PAD
    0x000028a4   0x000028a4   0x0000006a   Code   RO          121    .text.vListInsert   list.o
    0x0000290e   0x0000290e   0x00000002   PAD
    0x00002910   0x00002910   0x00000014   Code   RO          142    .text.vPortEnableVFP  port.o
    0x00002924   0x00002924   0x00000056   Code   RO          148    .text.vPortEnterCritical  port.o
    0x0000297a   0x0000297a   0x00000002   PAD
    0x0000297c   0x0000297c   0x0000004a   Code   RO          150    .text.vPortExitCritical  port.o
    0x000029c6   0x000029c6   0x00000002   PAD
    0x000029c8   0x000029c8   0x000000ba   Code   RO          179    .text.vPortFree     heap_4.o
    0x00002a82   0x00002a82   0x00000002   PAD
    0x00002a84   0x00002a84   0x00000078   Code   RO          140    .text.vPortSetupTimerInterrupt  port.o
    0x00002afc   0x00002afc   0x00000220   Code   RO          156    .text.vPortSuppressTicksAndSleep  port.o
    0x00002d1c   0x00002d1c   0x00000024   Code   RO          372    .text.vTaskInternalSetTimeOutState  tasks.o
    0x00002d40   0x00002d40   0x0000000e   Code   RO          376    .text.vTaskMissedYield  tasks.o
    0x00002d4e   0x00002d4e   0x00000002   PAD
    0x00002d50   0x00002d50   0x00000042   Code   RO          362    .text.vTaskPlaceOnEventList  tasks.o
    0x00002d92   0x00002d92   0x00000002   PAD
    0x00002d94   0x00002d94   0x00000182   Code   RO          400    .text.vTaskPriorityDisinheritAfterTimeout  tasks.o
    0x00002f16   0x00002f16   0x00000002   PAD
    0x00002f18   0x00002f18   0x000000a0   Code   RO          330    .text.vTaskStartScheduler  tasks.o
    0x00002fb8   0x00002fb8   0x000000cc   Code   RO          356    .text.vTaskStepTick  tasks.o
    0x00003084   0x00003084   0x00000010   Code   RO          304    .text.vTaskSuspendAll  tasks.o
    0x00003094   0x00003094   0x000000be   Code   RO          322    .text.vTaskSwitchContext  tasks.o
    0x00003152   0x00003152   0x00000002   PAD
    0x00003154   0x00003154   0x00000156   Code   RO          138    .text.xPortStartScheduler  port.o
    0x000032aa   0x000032aa   0x00000002   PAD
    0x000032ac   0x000032ac   0x00000026   Code   RO          211    .text.xQueueCreateMutex  queue.o
    0x000032d2   0x000032d2   0x00000002   PAD
    0x000032d4   0x000032d4   0x0000009a   Code   RO          207    .text.xQueueGenericCreate  queue.o
    0x0000336e   0x0000336e   0x00000002   PAD
    0x00003370   0x00003370   0x00000108   Code   RO          205    .text.xQueueGenericReset  queue.o
    0x00003478   0x00003478   0x00000274   Code   RO          221    .text.xQueueGenericSend  queue.o
    0x000036ec   0x000036ec   0x00000210   Code   RO          225    .text.xQueueSemaphoreTake  queue.o
    0x000038fc   0x000038fc   0x000000fc   Code   RO          374    .text.xTaskCheckForTimeOut  tasks.o
    0x000039f8   0x000039f8   0x000000a0   Code   RO          290    .text.xTaskCreate   tasks.o
    0x00003a98   0x00003a98   0x00000038   Code   RO          394    .text.xTaskGetSchedulerState  tasks.o
    0x00003ad0   0x00003ad0   0x00000260   Code   RO          336    .text.xTaskIncrementTick  tasks.o
    0x00003d30   0x00003d30   0x00000138   Code   RO          398    .text.xTaskPriorityDisinherit  tasks.o
    0x00003e68   0x00003e68   0x0000015c   Code   RO          396    .text.xTaskPriorityInherit  tasks.o
    0x00003fc4   0x00003fc4   0x00000192   Code   RO          366    .text.xTaskRemoveFromEventList  tasks.o
    0x00004156   0x00004156   0x00000002   PAD
    0x00004158   0x00004158   0x00000222   Code   RO          308    .text.xTaskResumeAll  tasks.o
    0x0000437a   0x0000437a   0x00000028   Code   RO          460    i.GPIODirModeSet    driverlib.lib(gpio.o)
    0x000043a2   0x000043a2   0x00000006   Code   RO          461    i.GPIOIntClear      driverlib.lib(gpio.o)
    0x000043a8   0x000043a8   0x00000050   Code   RO          468    i.GPIOIntTypeSet    driverlib.lib(gpio.o)
    0x000043f8   0x000043f8   0x00000170   Code   RO          472    i.GPIOPadConfigSet  driverlib.lib(gpio.o)
    0x00004568   0x00004568   0x0000001c   Code   RO          483    i.GPIOPinTypeGPIOInput  driverlib.lib(gpio.o)
    0x00004584   0x00004584   0x0000001c   Code   RO          484    i.GPIOPinTypeGPIOOutput  driverlib.lib(gpio.o)
    0x000045a0   0x000045a0   0x00000006   Code   RO          502    i.GPIOPinWrite      driverlib.lib(gpio.o)
    0x000045a6   0x000045a6   0x00000002   PAD
    0x000045a8   0x000045a8   0x00000064   Code   RO          793    i.IntDisable        driverlib.lib(interrupt.o)
    0x0000460c   0x0000460c   0x00000064   Code   RO          794    i.IntEnable         driverlib.lib(interrupt.o)
    0x00004670   0x00004670   0x00000028   Code   RO          805    i.IntPrioritySet    driverlib.lib(interrupt.o)
    0x00004698   0x00004698   0x00000028   Code   RO          943    i.SysCtlPeripheralEnable  driverlib.lib(sysctl.o)
    0x000046c0   0x000046c0   0x0000001a   Code   RO         1372    x$fpl$fpinit        fz_wm.l(fpinit.o)
    0x000046da   0x000046da   0x00000002   PAD
    0x000046dc   0x000046dc   0x0000010c   Data   RO          810    .constdata          driverlib.lib(interrupt.o)
    0x000047e8   0x000047e8   0x00000075   Data   RO           47    .rodata.str1.1      main.o
    0x0000485d   0x0000485d   0x00000005   Data   RO          442    .rodata.str1.1      tasks.o
    0x00004862   0x00004862   0x00000002   PAD
    0x00004864   0x00004864   0x00000004   Data   RO          427    .rodata.uxTopUsedPriority  tasks.o
    0x00004868   0x00004868   0x00000020   Data   RO         1447    Region$$Table       anon$$obj.o


    Execution Region RW_IRAM1 (Exec base: 0x20000000, Load base: 0x00004888, Size: 0x00007f10, Max: 0x00008000, ABSOLUTE)

    Exec Addr    Load Addr    Size         Type   Attr      Idx    E Section Name        Object

    0x20000000   0x00004888   0x00000004   Data   RW          106    .data.SystemCoreClock  system_tm4c123.o
    0x20000004   0x0000488c   0x00000004   Data   RW          162    .data.uxCriticalNesting  port.o
    0x20000008        -       0x00000060   Zero   RW         1312    .bss                c_w.l(libspace.o)
    0x20000068        -       0x00000001   Zero   RW           36    .bss.LSDN           main.o
    0x20000069        -       0x00000001   Zero   RW           35    .bss.LSUP           main.o
    0x2000006a   0x00004890   0x00000002   PAD
    0x2000006c        -       0x00000004   Zero   RW           38    .bss.Timer_Ticks    main.o
    0x20000070        -       0x00000001   Zero   RW           37    .bss.control        main.o
    0x20000071   0x00004890   0x00000003   PAD
    0x20000074        -       0x00000004   Zero   RW           48    .bss.drivUp         main.o
    0x20000078        -       0x00000001   Zero   RW           33    .bss.manualDown     main.o
    0x20000079        -       0x00000001   Zero   RW           32    .bss.manualUp       main.o
    0x2000007a        -       0x00000001   Zero   RW           34    .bss.motorUp        main.o
    0x2000007b   0x00004890   0x00000001   PAD
    0x2000007c        -       0x00000004   Zero   RW           49    .bss.passengerUp    main.o
    0x20000080        -       0x00000004   Zero   RW           50    .bss.passengerUpAuto  main.o
    0x20000084        -       0x00000004   Zero   RW          426    .bss.pxCurrentTCB   tasks.o
    0x20000088        -       0x00000004   Zero   RW          437    .bss.pxDelayedTaskList  tasks.o
    0x2000008c        -       0x00000004   Zero   RW          191    .bss.pxEnd          heap_4.o
    0x20000090        -       0x00000004   Zero   RW          438    .bss.pxOverflowDelayedTaskList  tasks.o
    0x20000094        -       0x0000008c   Zero   RW          428    .bss.pxReadyTasksLists  tasks.o
    0x20000120        -       0x00007b0c   Zero   RW          197    .bss.ucHeap         heap_4.o
    0x20007c2c        -       0x00000001   Zero   RW          160    .bss.ucMaxSysCallPriority  port.o
    0x20007c2d   0x00004890   0x00000003   PAD
    0x20007c30        -       0x00000004   Zero   RW          161    .bss.ulMaxPRIGROUPValue  port.o
    0x20007c34        -       0x00000004   Zero   RW          165    .bss.ulStoppedTimerCompensation  port.o
    0x20007c38        -       0x00000004   Zero   RW          164    .bss.ulTimerCountsForOneTick  port.o
    0x20007c3c        -       0x00000004   Zero   RW          433    .bss.uxCurrentNumberOfTasks  tasks.o
    0x20007c40        -       0x00000004   Zero   RW          432    .bss.uxDeletedTasksWaitingCleanUp  tasks.o
    0x20007c44        -       0x00000004   Zero   RW          435    .bss.uxSchedulerSuspended  tasks.o
    0x20007c48        -       0x00000004   Zero   RW          430    .bss.uxTaskNumber   tasks.o
    0x20007c4c        -       0x00000004   Zero   RW          429    .bss.uxTopReadyPriority  tasks.o
    0x20007c50        -       0x00000014   Zero   RW          447    .bss.xDelayedTaskList1  tasks.o
    0x20007c64        -       0x00000014   Zero   RW          448    .bss.xDelayedTaskList2  tasks.o
    0x20007c78        -       0x00000004   Zero   RW           40    .bss.xDriverDown    main.o
    0x20007c7c        -       0x00000004   Zero   RW           39    .bss.xDriverUp      main.o
    0x20007c80        -       0x00000004   Zero   RW          192    .bss.xFreeBytesRemaining  heap_4.o
    0x20007c84        -       0x00000004   Zero   RW          443    .bss.xIdleTaskHandle  tasks.o
    0x20007c88        -       0x00000004   Zero   RW           45    .bss.xJamming       main.o
    0x20007c8c        -       0x00000004   Zero   RW          163    .bss.xMaximumPossibleSuppressedTicks  port.o
    0x20007c90        -       0x00000004   Zero   RW          194    .bss.xMinimumEverFreeBytesRemaining  heap_4.o
    0x20007c94        -       0x00000004   Zero   RW           46    .bss.xMutex         main.o
    0x20007c98        -       0x00000004   Zero   RW          444    .bss.xNextTaskUnblockTime  tasks.o
    0x20007c9c        -       0x00000004   Zero   RW          446    .bss.xNumOfOverflows  tasks.o
    0x20007ca0        -       0x00000004   Zero   RW          195    .bss.xNumberOfSuccessfulAllocations  heap_4.o
    0x20007ca4        -       0x00000004   Zero   RW          196    .bss.xNumberOfSuccessfulFrees  heap_4.o
    0x20007ca8        -       0x00000004   Zero   RW           42    .bss.xPassengerDown  main.o
    0x20007cac        -       0x00000004   Zero   RW           44    .bss.xPassengerDownAuto  main.o
    0x20007cb0        -       0x00000004   Zero   RW           41    .bss.xPassengerUp   main.o
    0x20007cb4        -       0x00000004   Zero   RW           43    .bss.xPassengerUpAuto  main.o
    0x20007cb8        -       0x00000004   Zero   RW          445    .bss.xPendedTicks   tasks.o
    0x20007cbc        -       0x00000014   Zero   RW          441    .bss.xPendingReadyList  tasks.o
    0x20007cd0        -       0x00000004   Zero   RW          434    .bss.xSchedulerRunning  tasks.o
    0x20007cd4        -       0x00000008   Zero   RW          193    .bss.xStart         heap_4.o
    0x20007cdc        -       0x00000014   Zero   RW          439    .bss.xSuspendedTaskList  tasks.o
    0x20007cf0        -       0x00000014   Zero   RW          431    .bss.xTasksWaitingTermination  tasks.o
    0x20007d04        -       0x00000004   Zero   RW          436    .bss.xTickCount     tasks.o
    0x20007d08        -       0x00000004   Zero   RW          440    .bss.xYieldPending  tasks.o
    0x20007d0c   0x00004890   0x00000004   PAD
    0x20007d10        -       0x00000000   Zero   RW           91    HEAP                startup_tm4c123.o
    0x20007d10        -       0x00000200   Zero   RW           90    STACK               startup_tm4c123.o


==============================================================================

Image component sizes


      Code (inc. data)   RO Data    RW Data    ZI Data      Debug   Object Name

      1014          0          0          0      31528       4646   heap_4.o
       238          0          0          0          0       2277   list.o
      3854          8        117          0         54       5427   main.o
      1592         16          0          4         17       4920   port.o
       678          0          0          0          0        872   ports_init.o
      2502          0          0          0          0      16644   queue.o
       276         24        620          0        512       5536   startup_tm4c123.o
       268          0          0          4          0       6743   system_tm4c123.o
      5460          0          9          0        300      26925   tasks.o

    ----------------------------------------------------------------------
     15970         48        780          8      32424      73990   Object Totals
         0          0         32          0          0          0   (incl. Generated)
        88          0          2          0         13          0   (incl. Padding)

    ----------------------------------------------------------------------

      Code (inc. data)   RO Data    RW Data    ZI Data      Debug   Library Member Name

         8          0          0          0          0         68   __main.o
         0          0          0          0          0          0   __rtentry.o
        12          0          0          0          0          0   __rtentry2.o
         6          0          0          0          0          0   __rtentry4.o
        52          8          0          0          0          0   __scatter.o
        26          0          0          0          0          0   __scatter_copy.o
        28          0          0          0          0          0   __scatter_zi.o
        16          0          0          0          0         68   aeabi_memset4.o
        18          0          0          0          0         80   exit.o
         6          0          0          0          0        152   heapauxi.o
         0          0          0          0          0          0   indicate_semi.o
         2          0          0          0          0          0   libinit.o
         6          0          0          0          0          0   libinit2.o
         2          0          0          0          0          0   libshutdown.o
         2          0          0          0          0          0   libshutdown2.o
         8          4          0          0         96         68   libspace.o
        68          0          0          0          0         68   rt_memclr.o
        78          0          0          0          0         80   rt_memclr_w.o
       138          0          0          0          0         68   rt_memcpy_v6.o
       100          0          0          0          0         80   rt_memcpy_w.o
         2          0          0          0          0          0   rtexit.o
        10          0          0          0          0          0   rtexit2.o
        12          4          0          0          0         68   sys_exit.o
        74          0          0          0          0         80   sys_stackheap_outer.o
         2          0          0          0          0         68   use_no_semi.o
       556         14          0          0          0       9382   gpio.o
       240         20        268          0          0       2634   interrupt.o
        40          4          0          0          0        497   sysctl.o
        26          0          0          0          0        116   fpinit.o

    ----------------------------------------------------------------------
      1550         54        268          0         96      13577   Library Totals
        12          0          0          0          0          0   (incl. Padding)

    ----------------------------------------------------------------------

      Code (inc. data)   RO Data    RW Data    ZI Data      Debug   Library Name

       676         16          0          0         96        948   c_w.l
       836         38        268          0          0      12513   driverlib.lib
        26          0          0          0          0        116   fz_wm.l

    ----------------------------------------------------------------------
      1550         54        268          0         96      13577   Library Totals

    ----------------------------------------------------------------------

==============================================================================


      Code (inc. data)   RO Data    RW Data    ZI Data      Debug   

     17520        102       1048          8      32520      86311   Grand Totals
     17520        102       1048          8      32520      86311   ELF Image Totals
     17520        102       1048          8          0          0   ROM Totals

==============================================================================

    Total RO  Size (Code + RO Data)                18568 (  18.13kB)
    Total RW  Size (RW Data + ZI Data)             32528 (  31.77kB)
    Total ROM Size (Code + RO Data + RW Data)      18576 (  18.14kB)

==============================================================================

